"../../../Engine/Plugins/Interchange/Runtime/Content/Pipelines/DefaultTexturePipeline.uasset" 0
"../../../Engine/Plugins/Interchange/Runtime/Content/Pipelines/DefaultTexturePipeline.uexp" 1
"../../../Engine/Plugins/Interchange/Runtime/Content/Pipelines/DefaultSceneLevelPipeline.uasset" 2
"../../../Engine/Plugins/Interchange/Runtime/Content/Pipelines/DefaultSceneLevelPipeline.uexp" 3
"../../../Engine/Plugins/Interchange/Runtime/Content/Pipelines/DefaultSceneAssetsPipeline.uasset" 4
"../../../Engine/Plugins/Interchange/Runtime/Content/Pipelines/DefaultSceneAssetsPipeline.uexp" 5
"../../../Engine/Plugins/Interchange/Runtime/Content/Pipelines/DefaultMaterialXPipeline.uasset" 6
"../../../Engine/Plugins/Interchange/Runtime/Content/Pipelines/DefaultMaterialXPipeline.uexp" 7
"../../../Engine/Plugins/Interchange/Runtime/Content/Pipelines/DefaultMaterialPipeline.uasset" 8
"../../../Engine/Plugins/Interchange/Runtime/Content/Pipelines/DefaultMaterialPipeline.uexp" 9
"../../../Engine/Plugins/Interchange/Runtime/Content/Pipelines/DefaultGLTFSceneAssetsPipeline.uasset" 10
"../../../Engine/Plugins/Interchange/Runtime/Content/Pipelines/DefaultGLTFSceneAssetsPipeline.uexp" 11
"../../../Engine/Plugins/Interchange/Runtime/Content/Pipelines/DefaultGLTFPipeline.uasset" 12
"../../../Engine/Plugins/Interchange/Runtime/Content/Pipelines/DefaultGLTFPipeline.uexp" 13
"../../../Engine/Plugins/Interchange/Runtime/Content/Pipelines/DefaultGLTFAssetsPipeline.uasset" 14
"../../../Engine/Plugins/Interchange/Runtime/Content/Pipelines/DefaultGLTFAssetsPipeline.uexp" 15
"../../../Engine/Plugins/Interchange/Runtime/Content/Pipelines/DefaultAssetsPipeline.uasset" 16
"../../../Engine/Plugins/Interchange/Runtime/Content/Pipelines/DefaultAssetsPipeline.uexp" 17
"../../../Engine/Plugins/Animation/ControlRig/Content/Controls/DefaultGizmoLibraryNormalized.uasset" 18
"../../../Engine/Plugins/Animation/ControlRig/Content/Controls/DefaultGizmoLibraryNormalized.uexp" 19
"../../../Engine/Plugins/Animation/ACLPlugin/Content/ACLAnimCurveCompressionSettings.uasset" 20
"../../../Engine/Plugins/Animation/ACLPlugin/Content/ACLAnimCurveCompressionSettings.uexp" 21
"../../../Engine/Plugins/Animation/ACLPlugin/Content/ACLAnimBoneCompressionSettings.uasset" 22
"../../../Engine/Plugins/Animation/ACLPlugin/Content/ACLAnimBoneCompressionSettings.uexp" 23
"../../../Engine/Plugins/2D/Paper2D/Content/PlaceholderTextures/DummySpriteTexture.ubulk" 24
"../../../Engine/Plugins/2D/Paper2D/Content/PlaceholderTextures/DummySpriteTexture.uasset" 25
"../../../Engine/Plugins/2D/Paper2D/Content/PlaceholderTextures/DummySpriteTexture.uexp" 26
"../../../Engine/Plugins/2D/Paper2D/Content/DummySprite.uasset" 27
"../../../Engine/Plugins/2D/Paper2D/Content/DummySprite.uexp" 28
"../../../Engine/Plugins/2D/Paper2D/Content/DefaultPaperTerrainMaterial.uasset" 29
"../../../Engine/Plugins/2D/Paper2D/Content/DefaultPaperTerrainMaterial.uexp" 30
"../../../Engine/Content/EngineSounds/Master.uasset" 31
"../../../Engine/Content/EngineSounds/Master.uexp" 32
"../../../Engine/Content/EngineMaterials/DefaultDestructiblePhysicalMaterial.uasset" 33
"../../../Engine/Content/EngineMaterials/DefaultDestructiblePhysicalMaterial.uexp" 34
"../../../Engine/Content/EngineFonts/Faces/RobotoLight.uexp" 35
"../../../Engine/Content/EngineFonts/Faces/RobotoLight.uasset" 36
"../../../Engine/Content/EngineFonts/Faces/RobotoLight.ufont" 37
"../../../Engine/Content/EngineFonts/Faces/RobotoBold.uexp" 38
"../../../Engine/Content/EngineFonts/Faces/RobotoBold.uasset" 39
"../../../Engine/Content/EngineFonts/Faces/RobotoBold.ufont" 40
"../../../Engine/Content/EngineFonts/Faces/RobotoRegular.uexp" 41
"../../../Engine/Content/EngineFonts/Faces/RobotoRegular.uasset" 42
"../../../Engine/Content/EngineFonts/Faces/RobotoRegular.ufont" 43
"../../../Engine/Content/EngineFonts/Faces/DroidSansFallback.uexp" 44
"../../../Engine/Content/EngineFonts/Faces/DroidSansFallback.uasset" 45
"../../../Engine/Content/EngineFonts/Faces/DroidSansFallback.ufont" 46
"../../../Engine/Content/EngineFonts/Faces/RobotoItalic.uexp" 47
"../../../Engine/Content/EngineFonts/Faces/RobotoItalic.uasset" 48
"../../../Engine/Content/EngineFonts/Faces/RobotoItalic.ufont" 49
"../../../Engine/Content/EngineFonts/Faces/RobotoBoldItalic.uexp" 50
"../../../Engine/Content/EngineFonts/Faces/RobotoBoldItalic.uasset" 51
"../../../Engine/Content/EngineFonts/Faces/RobotoBoldItalic.ufont" 52
"../../../Engine/Content/EngineFonts/Roboto.uasset" 53
"../../../Engine/Content/EngineFonts/Roboto.uexp" 54
"../../../Engine/Content/MobileResources/HUD/VirtualJoystick_Background.uasset" 55
"../../../Engine/Content/MobileResources/HUD/VirtualJoystick_Background.uexp" 56
"../../../Engine/Content/MobileResources/HUD/VirtualJoystick_Thumb.uasset" 57
"../../../Engine/Content/MobileResources/HUD/VirtualJoystick_Thumb.uexp" 58
"C:/FreeSpace/UnrealEngine5/HeldDown/Content/FirstPerson/Input/MobileControls.uasset" 59
"C:/FreeSpace/UnrealEngine5/HeldDown/Content/FirstPerson/Input/MobileControls.uexp" 60
"../../../Engine/Content/EditorResources/S_Actor.ubulk" 61
"../../../Engine/Content/EditorResources/S_Actor.uasset" 62
"../../../Engine/Content/EditorResources/S_Actor.uexp" 63
"../../../Engine/Content/EditorResources/S_BoxReflectionCapture.uasset" 64
"../../../Engine/Content/EditorResources/S_BoxReflectionCapture.uexp" 65
"../../../Engine/Content/EngineResources/DefaultTexture.ubulk" 66
"../../../Engine/Content/EngineResources/DefaultTexture.uasset" 67
"../../../Engine/Content/EngineResources/DefaultTexture.uexp" 68
"../../../Engine/Content/EngineResources/DefaultTextureCube.uasset" 69
"../../../Engine/Content/EngineResources/DefaultTextureCube.uexp" 70
"../../../Engine/Content/EngineResources/DefaultVolumeTexture2D.uasset" 71
"../../../Engine/Content/EngineResources/DefaultVolumeTexture2D.uexp" 72
"../../../Engine/Content/EngineResources/DefaultVolumeTexture.uasset" 73
"../../../Engine/Content/EngineResources/DefaultVolumeTexture.uexp" 74
"../../../Engine/Plugins/Runtime/MeshModelingToolset/Content/Materials/M_DynamicMeshComponentVtxColor.uasset" 75
"../../../Engine/Plugins/Runtime/MeshModelingToolset/Content/Materials/M_DynamicMeshComponentVtxColor.uexp" 76
"../../../Engine/Plugins/Runtime/HairStrands/Content/Materials/HairMeshesDefaultMaterial.uasset" 77
"../../../Engine/Plugins/Runtime/HairStrands/Content/Materials/HairMeshesDefaultMaterial.uexp" 78
"../../../Engine/Plugins/Runtime/HairStrands/Content/Materials/HairDefaultMaterial.uasset" 79
"../../../Engine/Plugins/Runtime/HairStrands/Content/Materials/HairDefaultMaterial.uexp" 80
"../../../Engine/Plugins/Runtime/HairStrands/Content/Materials/HairGroupColors.uasset" 81
"../../../Engine/Plugins/Runtime/HairStrands/Content/Materials/HairGroupColors.uexp" 82
"../../../Engine/Content/Functions/Engine_MaterialFunctions02/Utility/MakeFloat2.uasset" 83
"../../../Engine/Content/Functions/Engine_MaterialFunctions02/Utility/MakeFloat2.uexp" 84
"../../../Engine/Content/Functions/Engine_MaterialFunctions02/Utility/MakeFloat3.uasset" 85
"../../../Engine/Content/Functions/Engine_MaterialFunctions02/Utility/MakeFloat3.uexp" 86
"../../../Engine/Content/EngineMaterials/HairColorMap.uasset" 87
"../../../Engine/Content/EngineMaterials/HairColorMap.uexp" 88
"../../../Engine/Content/EngineMaterials/HairDebugColor.uasset" 89
"../../../Engine/Content/EngineMaterials/HairDebugColor.uexp" 90
"../../../Engine/Plugins/Runtime/HairStrands/Content/Materials/HairDebugMaterial.uasset" 91
"../../../Engine/Plugins/Runtime/HairStrands/Content/Materials/HairDebugMaterial.uexp" 92
"../../../Engine/Plugins/Runtime/HairStrands/Content/Materials/HairCardsDefaultMaterial.uasset" 93
"../../../Engine/Plugins/Runtime/HairStrands/Content/Materials/HairCardsDefaultMaterial.uexp" 94
"../../../Engine/Plugins/Runtime/AudioWidgets/Content/Resources/ScrubHandleDown_Clamped.uasset" 95
"../../../Engine/Plugins/Runtime/AudioWidgets/Content/Resources/ScrubHandleDown_Clamped.uexp" 96
"../../../Engine/Plugins/Interchange/Assets/Content/Functions/MX_UsdPreviewSurface.uasset" 97
"../../../Engine/Plugins/Interchange/Assets/Content/Functions/MX_UsdPreviewSurface.uexp" 98
"../../../Engine/Plugins/Interchange/Assets/Content/Functions/MX_UniformEDF.uasset" 99
"../../../Engine/Plugins/Interchange/Assets/Content/Functions/MX_UniformEDF.uexp" 100
"../../../Engine/Plugins/Interchange/Assets/Content/Functions/MX_TranslucentBSDF.uasset" 101
"../../../Engine/Plugins/Interchange/Assets/Content/Functions/MX_TranslucentBSDF.uexp" 102
"../../../Engine/Plugins/Interchange/Assets/Content/Functions/MX_ThinFilmBSDF.uasset" 103
"../../../Engine/Plugins/Interchange/Assets/Content/Functions/MX_ThinFilmBSDF.uexp" 104
"../../../Engine/Plugins/Interchange/Assets/Content/Functions/MX_SurfaceUnlit.uasset" 105
"../../../Engine/Plugins/Interchange/Assets/Content/Functions/MX_SurfaceUnlit.uexp" 106
"../../../Engine/Plugins/Interchange/Assets/Content/Functions/MX_Surface.uasset" 107
"../../../Engine/Plugins/Interchange/Assets/Content/Functions/MX_Surface.uexp" 108
"../../../Engine/Plugins/Interchange/Assets/Content/Functions/MX_SubsurfaceBSDF.uasset" 109
"../../../Engine/Plugins/Interchange/Assets/Content/Functions/MX_SubsurfaceBSDF.uexp" 110
"../../../Engine/Plugins/Interchange/Assets/Content/Functions/MX_SheenBSDF.uasset" 111
"../../../Engine/Plugins/Interchange/Assets/Content/Functions/MX_SheenBSDF.uexp" 112
"../../../Engine/Plugins/Interchange/Assets/Content/Functions/MX_OrenNayarBSDF.uasset" 113
"../../../Engine/Plugins/Interchange/Assets/Content/Functions/MX_OrenNayarBSDF.uexp" 114
"../../../Engine/Plugins/Interchange/Assets/Content/Utilities/New_LUT.uasset" 115
"../../../Engine/Plugins/Interchange/Assets/Content/Utilities/New_LUT.uexp" 116
"../../../Engine/Content/Functions/Engine_MaterialFunctions03/Math/RemapValueRange.uasset" 117
"../../../Engine/Content/Functions/Engine_MaterialFunctions03/Math/RemapValueRange.uexp" 118
"../../../Engine/Plugins/Interchange/Assets/Content/Functions/MF_Iridescence.uasset" 119
"../../../Engine/Plugins/Interchange/Assets/Content/Functions/MF_Iridescence.uexp" 120
"../../../Engine/Plugins/Interchange/Assets/Content/Functions/MX_StandardSurface.uasset" 121
"../../../Engine/Plugins/Interchange/Assets/Content/Functions/MX_StandardSurface.uexp" 122
"../../../Engine/Plugins/Interchange/Assets/Content/Functions/MX_TransmissionSurface.uasset" 123
"../../../Engine/Plugins/Interchange/Assets/Content/Functions/MX_TransmissionSurface.uexp" 124
"../../../Engine/Plugins/Interchange/Assets/Content/Functions/MX_OpenPBR_Translucent.uasset" 125
"../../../Engine/Plugins/Interchange/Assets/Content/Functions/MX_OpenPBR_Translucent.uexp" 126
"../../../Engine/Plugins/Interchange/Assets/Content/Functions/MX_OpenPBR_Opaque.uasset" 127
"../../../Engine/Plugins/Interchange/Assets/Content/Functions/MX_OpenPBR_Opaque.uexp" 128
"../../../Engine/Plugins/Interchange/Assets/Content/Functions/MX_MeasuredEDF.uasset" 129
"../../../Engine/Plugins/Interchange/Assets/Content/Functions/MX_MeasuredEDF.uexp" 130
"../../../Engine/Plugins/Interchange/Assets/Content/Functions/MX_GeneralizedSchlickBSDF.uasset" 131
"../../../Engine/Plugins/Interchange/Assets/Content/Functions/MX_GeneralizedSchlickBSDF.uexp" 132
"../../../Engine/Plugins/Interchange/Assets/Content/Functions/MX_DielectricBSDF.uasset" 133
"../../../Engine/Plugins/Interchange/Assets/Content/Functions/MX_DielectricBSDF.uexp" 134
"../../../Engine/Plugins/Interchange/Assets/Content/Functions/MX_ConicalEDF.uasset" 135
"../../../Engine/Plugins/Interchange/Assets/Content/Functions/MX_ConicalEDF.uexp" 136
"../../../Engine/Plugins/Interchange/Assets/Content/Functions/MX_ConductorBSDF.uasset" 137
"../../../Engine/Plugins/Interchange/Assets/Content/Functions/MX_ConductorBSDF.uexp" 138
"../../../Engine/Plugins/Interchange/Assets/Content/Functions/MX_BurleyDiffuseBSDF.uasset" 139
"../../../Engine/Plugins/Interchange/Assets/Content/Functions/MX_BurleyDiffuseBSDF.uexp" 140
"../../../Engine/Plugins/Interchange/Assets/Content/Functions/MX_AnisotropicVDF.uasset" 141
"../../../Engine/Plugins/Interchange/Assets/Content/Functions/MX_AnisotropicVDF.uexp" 142
"../../../Engine/Plugins/Interchange/Assets/Content/Functions/MX_AbsorptionVDF.uasset" 143
"../../../Engine/Plugins/Interchange/Assets/Content/Functions/MX_AbsorptionVDF.uexp" 144
"../../../Engine/Plugins/Editor/SpeedTreeImporter/Content/SpeedTree9/game_wind_noise.ubulk" 145
"../../../Engine/Plugins/Editor/SpeedTreeImporter/Content/SpeedTree9/game_wind_noise.uasset" 146
"../../../Engine/Plugins/Editor/SpeedTreeImporter/Content/SpeedTree9/game_wind_noise.uexp" 147
"../../../Engine/Plugins/Editor/SpeedTreeImporter/Content/SpeedTree9/UnpackDirection.uasset" 148
"../../../Engine/Plugins/Editor/SpeedTreeImporter/Content/SpeedTree9/UnpackDirection.uexp" 149
"../../../Engine/Content/Functions/Engine_MaterialFunctions02/ObjectLocalBounds.uasset" 150
"../../../Engine/Content/Functions/Engine_MaterialFunctions02/ObjectLocalBounds.uexp" 151
"../../../Engine/Content/Functions/Engine_MaterialFunctions02/Utility/BreakOutFloat3Components.uasset" 152
"../../../Engine/Content/Functions/Engine_MaterialFunctions02/Utility/BreakOutFloat3Components.uexp" 153
"../../../Engine/Content/Functions/Engine_MaterialFunctions02/UVs/BoundingBoxBased_0-1_UVW.uasset" 154
"../../../Engine/Content/Functions/Engine_MaterialFunctions02/UVs/BoundingBoxBased_0-1_UVW.uexp" 155
"../../../Engine/Content/Functions/Engine_MaterialFunctions02/Utility/VectorLength.uasset" 156
"../../../Engine/Content/Functions/Engine_MaterialFunctions02/Utility/VectorLength.uexp" 157
"../../../Engine/Plugins/Editor/SpeedTreeImporter/Content/SpeedTree9/UnpackInteger3.uasset" 158
"../../../Engine/Plugins/Editor/SpeedTreeImporter/Content/SpeedTree9/UnpackInteger3.uexp" 159
"../../../Engine/Plugins/Editor/SpeedTreeImporter/Content/SpeedTree9/SpeedTreeCameraFacing.uasset" 160
"../../../Engine/Plugins/Editor/SpeedTreeImporter/Content/SpeedTree9/SpeedTreeCameraFacing.uexp" 161
"../../../Engine/Content/Functions/Engine_MaterialFunctions02/WorldPositionOffset/ObjectScale.uasset" 162
"../../../Engine/Content/Functions/Engine_MaterialFunctions02/WorldPositionOffset/ObjectScale.uexp" 163
"../../../Engine/Content/Functions/Engine_MaterialFunctions02/SafeNormalize.uasset" 164
"../../../Engine/Content/Functions/Engine_MaterialFunctions02/SafeNormalize.uexp" 165
"../../../Engine/Plugins/Editor/SpeedTreeImporter/Content/SpeedTree9/SpeedTreeWindMotion.uasset" 166
"../../../Engine/Plugins/Editor/SpeedTreeImporter/Content/SpeedTree9/SpeedTreeWindMotion.uexp" 167
"../../../Engine/Plugins/Editor/SpeedTreeImporter/Content/SpeedTree9/SpeedTreeBranchMotion.uasset" 168
"../../../Engine/Plugins/Editor/SpeedTreeImporter/Content/SpeedTree9/SpeedTreeBranchMotion.uexp" 169
"../../../Engine/Plugins/Editor/SpeedTreeImporter/Content/SpeedTree9/SpeedTreeWind.uasset" 170
"../../../Engine/Plugins/Editor/SpeedTreeImporter/Content/SpeedTree9/SpeedTreeWind.uexp" 171
"../../../Engine/Plugins/Editor/SpeedTreeImporter/Content/SpeedTree9/EmptyNormal.uasset" 172
"../../../Engine/Plugins/Editor/SpeedTreeImporter/Content/SpeedTree9/EmptyNormal.uexp" 173
"../../../Engine/Plugins/Editor/SpeedTreeImporter/Content/SpeedTree9/Empty.uasset" 174
"../../../Engine/Plugins/Editor/SpeedTreeImporter/Content/SpeedTree9/Empty.uexp" 175
"../../../Engine/Plugins/Editor/SpeedTreeImporter/Content/SpeedTree9/SpeedTreeMaster.uasset" 176
"../../../Engine/Plugins/Editor/SpeedTreeImporter/Content/SpeedTree9/SpeedTreeMaster.uexp" 177
"../../../Engine/Plugins/Editor/SpeedTreeImporter/Content/SpeedTree9/SpeedTreeBillboard.uasset" 178
"../../../Engine/Plugins/Editor/SpeedTreeImporter/Content/SpeedTree9/SpeedTreeBillboard.uexp" 179
"../../../Engine/Plugins/Editor/SpeedTreeImporter/Content/SpeedTree9/SpeedTreeBillboardMaster.uasset" 180
"../../../Engine/Plugins/Editor/SpeedTreeImporter/Content/SpeedTree9/SpeedTreeBillboardMaster.uexp" 181
"../../../Engine/Content/Functions/Engine_MaterialFunctions02/WorldPositionOffset/CameraOffset.uasset" 182
"../../../Engine/Content/Functions/Engine_MaterialFunctions02/WorldPositionOffset/CameraOffset.uexp" 183
"../../../Engine/Plugins/Animation/ControlRig/Content/M_Manip.uasset" 184
"../../../Engine/Plugins/Animation/ControlRig/Content/M_Manip.uexp" 185
"../../../Engine/Plugins/Animation/ControlRig/Content/Controls/ControlRigXRayMaterial.uasset" 186
"../../../Engine/Plugins/Animation/ControlRig/Content/Controls/ControlRigXRayMaterial.uexp" 187
"../../../Engine/Plugins/Animation/ControlRig/Content/Controls/ControlRigGizmoMaterial.uasset" 188
"../../../Engine/Plugins/Animation/ControlRig/Content/Controls/ControlRigGizmoMaterial.uexp" 189
"../../../Engine/Content/EngineResources/GradientTexture0.uasset" 190
"../../../Engine/Content/EngineResources/GradientTexture0.uexp" 191
"../../../Engine/Content/EngineResources/Black.uasset" 192
"../../../Engine/Content/EngineResources/Black.uexp" 193
"../../../Engine/Content/EngineMaterials/RemoveSurfaceMaterial.uasset" 194
"../../../Engine/Content/EngineMaterials/RemoveSurfaceMaterial.uexp" 195
"../../../Engine/Content/EngineMaterials/PreintegratedSkinBRDF.uasset" 196
"../../../Engine/Content/EngineMaterials/PreintegratedSkinBRDF.uexp" 197
"../../../Engine/Content/EngineMaterials/DefaultCalibrationGrayscale.uasset" 198
"../../../Engine/Content/EngineMaterials/DefaultCalibrationGrayscale.uexp" 199
"../../../Engine/Content/EngineMaterials/PPM_DefaultCalibrationGrayscale.uasset" 200
"../../../Engine/Content/EngineMaterials/PPM_DefaultCalibrationGrayscale.uexp" 201
"../../../Engine/Content/EngineMaterials/DefaultCalibrationColor.uasset" 202
"../../../Engine/Content/EngineMaterials/DefaultCalibrationColor.uexp" 203
"../../../Engine/Content/EngineMaterials/PPM_DefaultCalibrationColor.uasset" 204
"../../../Engine/Content/EngineMaterials/PPM_DefaultCalibrationColor.uexp" 205
"../../../Engine/Content/EngineMaterials/PhAT_JointLimitMaterial.uasset" 206
"../../../Engine/Content/EngineMaterials/PhAT_JointLimitMaterial.uexp" 207
"../../../Engine/Content/EngineMaterials/NaniteHiddenSectionMaterial.uasset" 208
"../../../Engine/Content/EngineMaterials/NaniteHiddenSectionMaterial.uexp" 209
"../../../Engine/Content/EngineMaterials/InvalidLightmapSettings.ubulk" 210
"../../../Engine/Content/EngineMaterials/InvalidLightmapSettings.uasset" 211
"../../../Engine/Content/EngineMaterials/InvalidLightmapSettings.uexp" 212
"../../../Engine/Content/EngineMaterials/M_InvalidLightmapSettings.uasset" 213
"../../../Engine/Content/EngineMaterials/M_InvalidLightmapSettings.uexp" 214
"../../../Engine/Content/EngineMaterials/MiniFont.uasset" 215
"../../../Engine/Content/EngineMaterials/MiniFont.uexp" 216
"../../../Engine/Content/EngineMaterials/GizmoMaterial.uasset" 217
"../../../Engine/Content/EngineMaterials/GizmoMaterial.uexp" 218
"../../../Engine/Content/EngineMaterials/BaseFlattenEmissiveMap_VT.uasset" 219
"../../../Engine/Content/EngineMaterials/BaseFlattenEmissiveMap_VT.uexp" 220
"../../../Engine/Content/EngineMaterials/BaseFlattenGrayscaleMap_VT.uasset" 221
"../../../Engine/Content/EngineMaterials/BaseFlattenGrayscaleMap_VT.uexp" 222
"../../../Engine/Content/EngineMaterials/BaseFlattenLinearColor_VT.uasset" 223
"../../../Engine/Content/EngineMaterials/BaseFlattenLinearColor_VT.uexp" 224
"../../../Engine/Content/EngineMaterials/Black_1x1_EXR_Texture_VT.uasset" 225
"../../../Engine/Content/EngineMaterials/Black_1x1_EXR_Texture_VT.uexp" 226
"../../../Engine/Content/EngineMaterials/BaseFlattenDiffuseMap_VT.uasset" 227
"../../../Engine/Content/EngineMaterials/BaseFlattenDiffuseMap_VT.uexp" 228
"../../../Engine/Content/EngineMaterials/BaseFlattenNormalMap_VT.uasset" 229
"../../../Engine/Content/EngineMaterials/BaseFlattenNormalMap_VT.uexp" 230
"../../../Engine/Content/EngineMaterials/FlattenMaterial_WS_Normal_VT.uasset" 231
"../../../Engine/Content/EngineMaterials/FlattenMaterial_WS_Normal_VT.uexp" 232
"../../../Engine/Content/EngineMaterials/FlattenMaterial_VT.uasset" 233
"../../../Engine/Content/EngineMaterials/FlattenMaterial_VT.uexp" 234
"../../../Engine/Content/EngineMaterials/BaseFlattenNormalMap.uasset" 235
"../../../Engine/Content/EngineMaterials/BaseFlattenNormalMap.uexp" 236
"../../../Engine/Content/EngineMaterials/BaseFlattenGrayscaleMap.uasset" 237
"../../../Engine/Content/EngineMaterials/BaseFlattenGrayscaleMap.uexp" 238
"../../../Engine/Content/EngineMaterials/BaseFlattenDiffuseMap.uasset" 239
"../../../Engine/Content/EngineMaterials/BaseFlattenDiffuseMap.uexp" 240
"../../../Engine/Content/Functions/Engine_MaterialFunctions02/PivotPainter2/Black_1x1_EXR_Texture.uasset" 241
"../../../Engine/Content/Functions/Engine_MaterialFunctions02/PivotPainter2/Black_1x1_EXR_Texture.uexp" 242
"../../../Engine/Content/EngineMaterials/BaseFlattenEmissiveMap.uasset" 243
"../../../Engine/Content/EngineMaterials/BaseFlattenEmissiveMap.uexp" 244
"../../../Engine/Content/EngineMaterials/BaseFlattenLinearColor.uasset" 245
"../../../Engine/Content/EngineMaterials/BaseFlattenLinearColor.uexp" 246
"../../../Engine/Content/EngineMaterials/FlattenMaterial.uasset" 247
"../../../Engine/Content/EngineMaterials/FlattenMaterial.uexp" 248
"../../../Engine/Content/EngineMaterials/FastBlueNoise_vec2_128x128x64.uasset" 249
"../../../Engine/Content/EngineMaterials/FastBlueNoise_vec2_128x128x64.uexp" 250
"../../../Engine/Content/EngineMaterials/FastBlueNoise_scalar_128x128x64.uasset" 251
"../../../Engine/Content/EngineMaterials/FastBlueNoise_scalar_128x128x64.uexp" 252
"../../../Engine/Content/EngineMaterials/DefaultWhiteGrid_Low.uasset" 253
"../../../Engine/Content/EngineMaterials/DefaultWhiteGrid_Low.uexp" 254
"../../../Engine/Content/EngineMaterials/EmissiveMeshMaterial.uasset" 255
"../../../Engine/Content/EngineMaterials/EmissiveMeshMaterial.uexp" 256
"../../../Engine/Content/EngineMaterials/DefaultWhiteGrid.ubulk" 257
"../../../Engine/Content/EngineMaterials/DefaultWhiteGrid.uasset" 258
"../../../Engine/Content/EngineMaterials/DefaultWhiteGrid.uexp" 259
"../../../Engine/Content/EngineFonts/RobotoDistanceField.uasset" 260
"../../../Engine/Content/EngineFonts/RobotoDistanceField.uexp" 261
"../../../Engine/Content/EngineMaterials/DefaultTextMaterialOpaque.uasset" 262
"../../../Engine/Content/EngineMaterials/DefaultTextMaterialOpaque.uexp" 263
"../../../Engine/Content/EngineMaterials/DefaultDiffuse.ubulk" 264
"../../../Engine/Content/EngineMaterials/DefaultDiffuse.uasset" 265
"../../../Engine/Content/EngineMaterials/DefaultDiffuse.uexp" 266
"../../../Engine/Content/Functions/Engine_MaterialFunctions02/Utility/BreakOutFloat2Components.uasset" 267
"../../../Engine/Content/Functions/Engine_MaterialFunctions02/Utility/BreakOutFloat2Components.uexp" 268
"../../../Engine/Content/EngineMaterials/DefaultPostProcessMaterial.uasset" 269
"../../../Engine/Content/EngineMaterials/DefaultPostProcessMaterial.uexp" 270
"../../../Engine/Content/EngineMaterials/DefaultLightFunctionMaterial.uasset" 271
"../../../Engine/Content/EngineMaterials/DefaultLightFunctionMaterial.uexp" 272
"../../../Engine/Content/EngineMaterials/DefaultDeferredDecalMaterial.uasset" 273
"../../../Engine/Content/EngineMaterials/DefaultDeferredDecalMaterial.uexp" 274
"../../../Engine/Content/EngineMaterials/DefaultBokeh.uasset" 275
"../../../Engine/Content/EngineMaterials/DefaultBokeh.uexp" 276
"../../../Engine/Content/EngineMaterials/DefaultBloomKernel.uasset" 277
"../../../Engine/Content/EngineMaterials/DefaultBloomKernel.uexp" 278
"../../../Engine/Content/Functions/Engine_MaterialFunctions02/Utility/CameraDirectionVector.uasset" 279
"../../../Engine/Content/Functions/Engine_MaterialFunctions02/Utility/CameraDirectionVector.uexp" 280
"../../../Engine/Content/EngineDebugMaterials/VolumeToRender.uasset" 281
"../../../Engine/Content/EngineDebugMaterials/VolumeToRender.uexp" 282
"../../../Engine/Content/EngineDebugMaterials/M_VolumeRenderSphereTracePP.uasset" 283
"../../../Engine/Content/EngineDebugMaterials/M_VolumeRenderSphereTracePP.uexp" 284
"../../../Engine/Content/EngineDebugMaterials/M_SimpleUnlitTranslucent.uasset" 285
"../../../Engine/Content/EngineDebugMaterials/M_SimpleUnlitTranslucent.uexp" 286
"../../../Engine/Content/EngineDebugMaterials/DebugMeshMaterial.uasset" 287
"../../../Engine/Content/EngineDebugMaterials/DebugMeshMaterial.uexp" 288
"../../../Engine/Content/EngineDebugMaterials/DebugEditorMaterial.uasset" 289
"../../../Engine/Content/EngineDebugMaterials/DebugEditorMaterial.uexp" 290
"../../../Engine/Content/EngineDamageTypes/DmgTypeBP_Environmental.uasset" 291
"../../../Engine/Content/EngineDamageTypes/DmgTypeBP_Environmental.uexp" 292
"../../../Engine/Content/EditorResources/S_TriggerSphere.uasset" 293
"../../../Engine/Content/EditorResources/S_TriggerSphere.uexp" 294
"../../../Engine/Content/EditorResources/S_TriggerCapsule.uasset" 295
"../../../Engine/Content/EditorResources/S_TriggerCapsule.uexp" 296
"../../../Engine/Content/EditorResources/S_TriggerBox.uasset" 297
"../../../Engine/Content/EditorResources/S_TriggerBox.uexp" 298
"../../../Engine/Content/EditorResources/S_Trigger.ubulk" 299
"../../../Engine/Content/EditorResources/S_Trigger.uasset" 300
"../../../Engine/Content/EditorResources/S_Trigger.uexp" 301
"../../../Engine/Content/EditorResources/S_Terrain.ubulk" 302
"../../../Engine/Content/EditorResources/S_Terrain.uasset" 303
"../../../Engine/Content/EditorResources/S_Terrain.uexp" 304
"../../../Engine/Content/EditorResources/S_Solver.ubulk" 305
"../../../Engine/Content/EditorResources/S_Solver.uasset" 306
"../../../Engine/Content/EditorResources/S_Solver.uexp" 307
"../../../Engine/Content/EditorResources/EmptyActor.uasset" 308
"../../../Engine/Content/EditorResources/EmptyActor.uexp" 309
"../../../Engine/Content/EditorResources/BSPVertex.uasset" 310
"../../../Engine/Content/EditorResources/BSPVertex.uexp" 311
"../../../Engine/Content/EditorMaterials/PreviewShadowIndicator.ubulk" 312
"../../../Engine/Content/EditorMaterials/PreviewShadowIndicator.uasset" 313
"../../../Engine/Content/EditorMaterials/PreviewShadowIndicator.uexp" 314
"../../../Engine/Content/EditorMaterials/PreviewShadowIndicatorMaterial.uasset" 315
"../../../Engine/Content/EditorMaterials/PreviewShadowIndicatorMaterial.uexp" 316
"../../../Engine/Content/EditorMaterials/PhAT_UnselectedMaterial.uasset" 317
"../../../Engine/Content/EditorMaterials/PhAT_UnselectedMaterial.uexp" 318
"../../../Engine/Content/EditorMaterials/PhAT_NoCollisionMaterial.uasset" 319
"../../../Engine/Content/EditorMaterials/PhAT_NoCollisionMaterial.uexp" 320
"../../../Engine/Content/EditorLandscapeResources/DefaultAlphaTexture.uasset" 321
"../../../Engine/Content/EditorLandscapeResources/DefaultAlphaTexture.uexp" 322
"../../../Engine/Content/EngineResources/FilmGrains/Marcie_Grain_v3_128_M2_000.uasset" 323
"../../../Engine/Content/EngineResources/FilmGrains/Marcie_Grain_v3_128_M2_000.uexp" 324
"../../../Engine/Content/EngineMaterials/LTC/Sheen_LTC.uasset" 325
"../../../Engine/Content/EngineMaterials/LTC/Sheen_LTC.uexp" 326
"../../../Engine/Content/EngineMaterials/LTC/GGX_LTCMat.uasset" 327
"../../../Engine/Content/EngineMaterials/LTC/GGX_LTCMat.uexp" 328
"../../../Engine/Content/EngineMaterials/LTC/GGX_LTCAmp.uasset" 329
"../../../Engine/Content/EngineMaterials/LTC/GGX_LTCAmp.uexp" 330
"../../../Engine/Content/EngineMaterials/EnergyConservation/Sheen_Energy.uasset" 331
"../../../Engine/Content/EngineMaterials/EnergyConservation/Sheen_Energy.uexp" 332
"../../../Engine/Content/EngineMaterials/EnergyConservation/SheenLegacy_Energy.uasset" 333
"../../../Engine/Content/EngineMaterials/EnergyConservation/SheenLegacy_Energy.uexp" 334
"../../../Engine/Content/EngineMaterials/EnergyConservation/GGX_TransmissionEnergyArray.uasset" 335
"../../../Engine/Content/EngineMaterials/EnergyConservation/GGX_TransmissionEnergyArray.uexp" 336
"../../../Engine/Content/EngineMaterials/EnergyConservation/GGX_ReflectionEnergy.uasset" 337
"../../../Engine/Content/EngineMaterials/EnergyConservation/GGX_ReflectionEnergy.uexp" 338
"../../../Engine/Content/EngineMaterials/EnergyConservation/Diffuse_Energy.uasset" 339
"../../../Engine/Content/EngineMaterials/EnergyConservation/Diffuse_Energy.uexp" 340
"../../../Engine/Content/EditorResources/SequenceRecorder/RecordingIndicator.uasset" 341
"../../../Engine/Content/EditorResources/SequenceRecorder/RecordingIndicator.uexp" 342
"../../../Engine/Content/EditorResources/SequenceRecorder/Countdown.uasset" 343
"../../../Engine/Content/EditorResources/SequenceRecorder/Countdown.uexp" 344
"../../../Engine/Content/EditorMaterials/ParticleSystems/PSysThumbnail_OOD.ubulk" 345
"../../../Engine/Content/EditorMaterials/ParticleSystems/PSysThumbnail_OOD.uasset" 346
"../../../Engine/Content/EditorMaterials/ParticleSystems/PSysThumbnail_OOD.uexp" 347
"../../../Engine/Content/EditorMaterials/ParticleSystems/PSysThumbnail_NoImage.ubulk" 348
"../../../Engine/Content/EditorMaterials/ParticleSystems/PSysThumbnail_NoImage.uasset" 349
"../../../Engine/Content/EditorMaterials/ParticleSystems/PSysThumbnail_NoImage.uexp" 350
"../../../Engine/Content/EditorMaterials/Dataflow/DataflowVertexMaterial.uasset" 351
"../../../Engine/Content/EditorMaterials/Dataflow/DataflowVertexMaterial.uexp" 352
"../../../Engine/Content/EditorMaterials/Dataflow/DataflowTwoSidedVertexMaterial.uasset" 353
"../../../Engine/Content/EditorMaterials/Dataflow/DataflowTwoSidedVertexMaterial.uexp" 354
"../../../Engine/Content/Functions/Engine_MaterialFunctions01/Shading/PowerToRoughness.uasset" 355
"../../../Engine/Content/Functions/Engine_MaterialFunctions01/Shading/PowerToRoughness.uexp" 356
"../../../Engine/Content/Functions/Engine_MaterialFunctions01/Shading/ConvertFromDiffSpec.uasset" 357
"../../../Engine/Content/Functions/Engine_MaterialFunctions01/Shading/ConvertFromDiffSpec.uexp" 358
"../../../Engine/Content/EngineMaterials/Substrate/Volume/SubstrateSimpleVolumeLUT3D.uasset" 359
"../../../Engine/Content/EngineMaterials/Substrate/Volume/SubstrateSimpleVolumeLUT3D.uexp" 360
"../../../Engine/Content/EngineMaterials/Substrate/Volume/SubstrateSimpleVolumeEnvLUT3D.uasset" 361
"../../../Engine/Content/EngineMaterials/Substrate/Volume/SubstrateSimpleVolumeEnvLUT3D.uexp" 362
"../../../Engine/Content/EngineMaterials/Substrate/GLints2/AGlintTex2dArray2.uasset" 363
"../../../Engine/Content/EngineMaterials/Substrate/GLints2/AGlintTex2dArray2.uexp" 364
"../../../Engine/Content/EngineMaterials/Substrate/GLints/AGlintTex2dArray.uasset" 365
"../../../Engine/Content/EngineMaterials/Substrate/GLints/AGlintTex2dArray.uexp" 366
"../../../Engine/Content/EngineSky/VolumetricClouds/T_CloudMask.ubulk" 367
"../../../Engine/Content/EngineSky/VolumetricClouds/T_CloudMask.uasset" 368
"../../../Engine/Content/EngineSky/VolumetricClouds/T_CloudMask.uexp" 369
"../../../Engine/Content/EngineSky/VolumetricClouds/VT_Lightning.uasset" 370
"../../../Engine/Content/EngineSky/VolumetricClouds/VT_Lightning.uexp" 371
"../../../Engine/Content/EngineSky/VolumetricClouds/T_Profile_08.ubulk" 372
"../../../Engine/Content/EngineSky/VolumetricClouds/T_Profile_08.uasset" 373
"../../../Engine/Content/EngineSky/VolumetricClouds/T_Profile_08.uexp" 374
"../../../Engine/Content/Functions/Engine_MaterialFunctions02/Utility/MakeFloat4.uasset" 375
"../../../Engine/Content/Functions/Engine_MaterialFunctions02/Utility/MakeFloat4.uexp" 376
"../../../Engine/Content/Functions/Engine_MaterialFunctions01/Units/Km-to-Cm.uasset" 377
"../../../Engine/Content/Functions/Engine_MaterialFunctions01/Units/Km-to-Cm.uexp" 378
"../../../Engine/Content/Functions/Engine_MaterialFunctions02/Utility/BreakOutFloat4Components.uasset" 379
"../../../Engine/Content/Functions/Engine_MaterialFunctions02/Utility/BreakOutFloat4Components.uexp" 380
"../../../Engine/Content/EngineSky/VolumetricClouds/T_CloudPattern.ubulk" 381
"../../../Engine/Content/EngineSky/VolumetricClouds/T_CloudPattern.uasset" 382
"../../../Engine/Content/EngineSky/VolumetricClouds/T_CloudPattern.uexp" 383
"../../../Engine/Content/EngineSky/VolumetricClouds/VT_PerlinWorley_Balanced.uasset" 384
"../../../Engine/Content/EngineSky/VolumetricClouds/VT_PerlinWorley_Balanced.uexp" 385
"../../../Engine/Content/EngineSky/VolumetricClouds/m_SimpleVolumetricCloud.uasset" 386
"../../../Engine/Content/EngineSky/VolumetricClouds/m_SimpleVolumetricCloud.uexp" 387
"../../../Engine/Content/EngineSky/VolumetricClouds/m_SimpleVolumetricCloud_Inst.uasset" 388
"../../../Engine/Content/EngineSky/VolumetricClouds/m_SimpleVolumetricCloud_Inst.uexp" 389
"../../../Engine/Content/VREditor/LaserPointer/VR_LaserPower_01.ubulk" 390
"../../../Engine/Content/VREditor/LaserPointer/VR_LaserPower_01.uasset" 391
"../../../Engine/Content/VREditor/LaserPointer/VR_LaserPower_01.uexp" 392
"../../../Engine/Content/VREditor/TransformGizmo/TransformGizmoMaterial.uasset" 393
"../../../Engine/Content/VREditor/TransformGizmo/TransformGizmoMaterial.uexp" 394
"../../../Engine/Content/VREditor/TransformGizmo/TranslucentTransformGizmoMaterial.uasset" 395
"../../../Engine/Content/VREditor/TransformGizmo/TranslucentTransformGizmoMaterial.uexp" 396
"../../../Engine/Content/VREditor/TransformGizmo/BoundingBoxCorner.ubulk" 397
"../../../Engine/Content/VREditor/TransformGizmo/BoundingBoxCorner.uasset" 398
"../../../Engine/Content/VREditor/TransformGizmo/BoundingBoxCorner.uexp" 399
"../../../Engine/Content/VREditor/TransformGizmo/BoundingBoxEdge.ubulk" 400
"../../../Engine/Content/VREditor/TransformGizmo/BoundingBoxEdge.uasset" 401
"../../../Engine/Content/VREditor/TransformGizmo/BoundingBoxEdge.uexp" 402
"../../../Engine/Content/VREditor/TransformGizmo/Main.uasset" 403
"../../../Engine/Content/VREditor/TransformGizmo/Main.uexp" 404
"../../../Engine/Content/VREditor/TransformGizmo/Xray.uasset" 405
"../../../Engine/Content/VREditor/TransformGizmo/Xray.uexp" 406
"../../../Engine/Content/VREditor/TransformGizmo/SM_Sequencer_Node.ubulk" 407
"../../../Engine/Content/VREditor/TransformGizmo/SM_Sequencer_Node.uasset" 408
"../../../Engine/Content/VREditor/TransformGizmo/SM_Sequencer_Node.uexp" 409
"../../../Engine/Content/Functions/Engine_MaterialFunctions02/Math/Transform3x3Matrix.uasset" 410
"../../../Engine/Content/Functions/Engine_MaterialFunctions02/Math/Transform3x3Matrix.uexp" 411
"../../../Engine/Plugins/Interchange/Assets/Content/gltf/Textures/T_White_srgb.uasset" 412
"../../../Engine/Plugins/Interchange/Assets/Content/gltf/Textures/T_White_srgb.uexp" 413
"../../../Engine/Plugins/Interchange/Assets/Content/gltf/MaterialFunctions/MF_Specular.uasset" 414
"../../../Engine/Plugins/Interchange/Assets/Content/gltf/MaterialFunctions/MF_Specular.uexp" 415
"../../../Engine/Plugins/Interchange/Assets/Content/gltf/Textures/T_Anisotropy_Direction_Linear.uasset" 416
"../../../Engine/Plugins/Interchange/Assets/Content/gltf/Textures/T_Anisotropy_Direction_Linear.uexp" 417
"../../../Engine/Plugins/Interchange/Assets/Content/gltf/MaterialFunctions/MF_SpecularAnisotropy.uasset" 418
"../../../Engine/Plugins/Interchange/Assets/Content/gltf/MaterialFunctions/MF_SpecularAnisotropy.uexp" 419
"../../../Engine/Plugins/Interchange/Assets/Content/gltf/Textures/T_White_Linear.uasset" 420
"../../../Engine/Plugins/Interchange/Assets/Content/gltf/Textures/T_White_Linear.uexp" 421
"../../../Engine/Plugins/Interchange/Assets/Content/gltf/MaterialFunctions/MF_MetallicRoughness.uasset" 422
"../../../Engine/Plugins/Interchange/Assets/Content/gltf/MaterialFunctions/MF_MetallicRoughness.uexp" 423
"../../../Engine/Plugins/Interchange/Assets/Content/gltf/Textures/T_Generic_N.uasset" 424
"../../../Engine/Plugins/Interchange/Assets/Content/gltf/Textures/T_Generic_N.uexp" 425
"../../../Engine/Plugins/Interchange/Assets/Content/gltf/MaterialFunctions/MF_ScaleNormal.uasset" 426
"../../../Engine/Plugins/Interchange/Assets/Content/gltf/MaterialFunctions/MF_ScaleNormal.uexp" 427
"../../../Engine/Plugins/Interchange/Assets/Content/gltf/MaterialFunctions/MF_BaseColor.uasset" 428
"../../../Engine/Plugins/Interchange/Assets/Content/gltf/MaterialFunctions/MF_BaseColor.uexp" 429
"../../../Engine/Plugins/Interchange/Assets/Content/gltf/MaterialFunctions/MF_Iridescence.uasset" 430
"../../../Engine/Plugins/Interchange/Assets/Content/gltf/MaterialFunctions/MF_Iridescence.uexp" 431
"../../../Engine/Plugins/Interchange/Assets/Content/gltf/MaterialFunctions/MF_Occlusion.uasset" 432
"../../../Engine/Plugins/Interchange/Assets/Content/gltf/MaterialFunctions/MF_Occlusion.uexp" 433
"../../../Engine/Plugins/Interchange/Assets/Content/gltf/MaterialFunctions/MF_IOR.uasset" 434
"../../../Engine/Plugins/Interchange/Assets/Content/gltf/MaterialFunctions/MF_IOR.uexp" 435
"../../../Engine/Plugins/Interchange/Assets/Content/gltf/MaterialFunctions/MF_RotateV2.uasset" 436
"../../../Engine/Plugins/Interchange/Assets/Content/gltf/MaterialFunctions/MF_RotateV2.uexp" 437
"../../../Engine/Plugins/Interchange/Assets/Content/gltf/MaterialFunctions/MF_TransformUVs.uasset" 438
"../../../Engine/Plugins/Interchange/Assets/Content/gltf/MaterialFunctions/MF_TransformUVs.uexp" 439
"../../../Engine/Plugins/Interchange/Assets/Content/gltf/MaterialFunctions/MF_Emissive.uasset" 440
"../../../Engine/Plugins/Interchange/Assets/Content/gltf/MaterialFunctions/MF_Emissive.uexp" 441
"../../../Engine/Plugins/Interchange/Assets/Content/gltf/MaterialFunctions/MF_RotateNormals_TS.uasset" 442
"../../../Engine/Plugins/Interchange/Assets/Content/gltf/MaterialFunctions/MF_RotateNormals_TS.uexp" 443
"../../../Engine/Plugins/Interchange/Assets/Content/gltf/MaterialFunctions/MF_Normals.uasset" 444
"../../../Engine/Plugins/Interchange/Assets/Content/gltf/MaterialFunctions/MF_Normals.uexp" 445
"../../../Engine/Content/Functions/Engine_MaterialFunctions01/Texturing/FlattenNormal.uasset" 446
"../../../Engine/Content/Functions/Engine_MaterialFunctions01/Texturing/FlattenNormal.uexp" 447
"../../../Engine/Plugins/Interchange/Assets/Content/gltf/MaterialFunctions/MF_Clearcoat.uasset" 448
"../../../Engine/Plugins/Interchange/Assets/Content/gltf/MaterialFunctions/MF_Clearcoat.uexp" 449
"../../../Engine/Plugins/Interchange/Assets/Content/gltf/MaterialBodies/MF_ClearCoat_Body.uasset" 450
"../../../Engine/Plugins/Interchange/Assets/Content/gltf/MaterialBodies/MF_ClearCoat_Body.uexp" 451
"../../../Engine/Plugins/Interchange/Assets/Content/gltf/M_ClearCoat.uasset" 452
"../../../Engine/Plugins/Interchange/Assets/Content/gltf/M_ClearCoat.uexp" 453
"../../../Engine/Plugins/Interchange/Assets/Content/gltf/MaterialInstances/MI_ClearCoat_Blend.uasset" 454
"../../../Engine/Plugins/Interchange/Assets/Content/gltf/MaterialInstances/MI_ClearCoat_Blend.uexp" 455
"../../../Engine/Plugins/Interchange/Assets/Content/gltf/MaterialInstances/MI_ClearCoat_Blend_DS.uasset" 456
"../../../Engine/Plugins/Interchange/Assets/Content/gltf/MaterialInstances/MI_ClearCoat_Blend_DS.uexp" 457
"../../../Engine/Plugins/Interchange/Assets/Content/gltf/MaterialInstances/MI_ClearCoat_Mask.uasset" 458
"../../../Engine/Plugins/Interchange/Assets/Content/gltf/MaterialInstances/MI_ClearCoat_Mask.uexp" 459
"../../../Engine/Plugins/Interchange/Assets/Content/gltf/MaterialInstances/MI_ClearCoat_Mask_DS.uasset" 460
"../../../Engine/Plugins/Interchange/Assets/Content/gltf/MaterialInstances/MI_ClearCoat_Mask_DS.uexp" 461
"../../../Engine/Plugins/Interchange/Assets/Content/gltf/MaterialInstances/MI_ClearCoat_Opaque.uasset" 462
"../../../Engine/Plugins/Interchange/Assets/Content/gltf/MaterialInstances/MI_ClearCoat_Opaque.uexp" 463
"../../../Engine/Plugins/Interchange/Assets/Content/gltf/MaterialInstances/MI_ClearCoat_Opaque_DS.uasset" 464
"../../../Engine/Plugins/Interchange/Assets/Content/gltf/MaterialInstances/MI_ClearCoat_Opaque_DS.uexp" 465
"../../../Engine/Plugins/Interchange/Assets/Content/gltf/MaterialBodies/MF_Default_Body.uasset" 466
"../../../Engine/Plugins/Interchange/Assets/Content/gltf/MaterialBodies/MF_Default_Body.uexp" 467
"../../../Engine/Plugins/Interchange/Assets/Content/gltf/M_Default.uasset" 468
"../../../Engine/Plugins/Interchange/Assets/Content/gltf/M_Default.uexp" 469
"../../../Engine/Plugins/Interchange/Assets/Content/gltf/MaterialInstances/MI_Default_Blend.uasset" 470
"../../../Engine/Plugins/Interchange/Assets/Content/gltf/MaterialInstances/MI_Default_Blend.uexp" 471
"../../../Engine/Plugins/Interchange/Assets/Content/gltf/MaterialInstances/MI_Default_Blend_DS.uasset" 472
"../../../Engine/Plugins/Interchange/Assets/Content/gltf/MaterialInstances/MI_Default_Blend_DS.uexp" 473
"../../../Engine/Plugins/Interchange/Assets/Content/gltf/MaterialInstances/MI_Default_Mask.uasset" 474
"../../../Engine/Plugins/Interchange/Assets/Content/gltf/MaterialInstances/MI_Default_Mask.uexp" 475
"../../../Engine/Plugins/Interchange/Assets/Content/gltf/MaterialInstances/MI_Default_Mask_DS.uasset" 476
"../../../Engine/Plugins/Interchange/Assets/Content/gltf/MaterialInstances/MI_Default_Mask_DS.uexp" 477
"../../../Engine/Plugins/Interchange/Assets/Content/gltf/MaterialInstances/MI_Default_Opaque.uasset" 478
"../../../Engine/Plugins/Interchange/Assets/Content/gltf/MaterialInstances/MI_Default_Opaque.uexp" 479
"../../../Engine/Plugins/Interchange/Assets/Content/gltf/MaterialInstances/MI_Default_Opaque_DS.uasset" 480
"../../../Engine/Plugins/Interchange/Assets/Content/gltf/MaterialInstances/MI_Default_Opaque_DS.uexp" 481
"../../../Engine/Plugins/Interchange/Assets/Content/gltf/MaterialFunctions/MF_Sheen.uasset" 482
"../../../Engine/Plugins/Interchange/Assets/Content/gltf/MaterialFunctions/MF_Sheen.uexp" 483
"../../../Engine/Plugins/Interchange/Assets/Content/gltf/MaterialBodies/MF_Sheen_Body.uasset" 484
"../../../Engine/Plugins/Interchange/Assets/Content/gltf/MaterialBodies/MF_Sheen_Body.uexp" 485
"../../../Engine/Plugins/Interchange/Assets/Content/gltf/M_Sheen.uasset" 486
"../../../Engine/Plugins/Interchange/Assets/Content/gltf/M_Sheen.uexp" 487
"../../../Engine/Plugins/Interchange/Assets/Content/gltf/MaterialInstances/MI_Sheen_Blend.uasset" 488
"../../../Engine/Plugins/Interchange/Assets/Content/gltf/MaterialInstances/MI_Sheen_Blend.uexp" 489
"../../../Engine/Plugins/Interchange/Assets/Content/gltf/MaterialInstances/MI_Sheen_Blend_DS.uasset" 490
"../../../Engine/Plugins/Interchange/Assets/Content/gltf/MaterialInstances/MI_Sheen_Blend_DS.uexp" 491
"../../../Engine/Plugins/Interchange/Assets/Content/gltf/MaterialInstances/MI_Sheen_Mask.uasset" 492
"../../../Engine/Plugins/Interchange/Assets/Content/gltf/MaterialInstances/MI_Sheen_Mask.uexp" 493
"../../../Engine/Plugins/Interchange/Assets/Content/gltf/MaterialInstances/MI_Sheen_Mask_DS.uasset" 494
"../../../Engine/Plugins/Interchange/Assets/Content/gltf/MaterialInstances/MI_Sheen_Mask_DS.uexp" 495
"../../../Engine/Plugins/Interchange/Assets/Content/gltf/MaterialInstances/MI_Sheen_Opaque.uasset" 496
"../../../Engine/Plugins/Interchange/Assets/Content/gltf/MaterialInstances/MI_Sheen_Opaque.uexp" 497
"../../../Engine/Plugins/Interchange/Assets/Content/gltf/MaterialInstances/MI_Sheen_Opaque_DS.uasset" 498
"../../../Engine/Plugins/Interchange/Assets/Content/gltf/MaterialInstances/MI_Sheen_Opaque_DS.uexp" 499
"../../../Engine/Content/Functions/Engine_MaterialFunctions02/Math/AddComponents.uasset" 500
"../../../Engine/Content/Functions/Engine_MaterialFunctions02/Math/AddComponents.uexp" 501
"../../../Engine/Plugins/Interchange/Assets/Content/gltf/MaterialFunctions/MF_DiffuseSpecGloss.uasset" 502
"../../../Engine/Plugins/Interchange/Assets/Content/gltf/MaterialFunctions/MF_DiffuseSpecGloss.uexp" 503
"../../../Engine/Plugins/Interchange/Assets/Content/gltf/MaterialFunctions/MF_PerceivedBrightness.uasset" 504
"../../../Engine/Plugins/Interchange/Assets/Content/gltf/MaterialFunctions/MF_PerceivedBrightness.uexp" 505
"../../../Engine/Plugins/Interchange/Assets/Content/gltf/MaterialFunctions/MF_SpecGlossToMetalRoughness.uasset" 506
"../../../Engine/Plugins/Interchange/Assets/Content/gltf/MaterialFunctions/MF_SpecGlossToMetalRoughness.uexp" 507
"../../../Engine/Plugins/Interchange/Assets/Content/gltf/MaterialFunctions/MF_MaxComponentValue.uasset" 508
"../../../Engine/Plugins/Interchange/Assets/Content/gltf/MaterialFunctions/MF_MaxComponentValue.uexp" 509
"../../../Engine/Plugins/Interchange/Assets/Content/gltf/MaterialBodies/MF_SpecularGlossiness_Body.uasset" 510
"../../../Engine/Plugins/Interchange/Assets/Content/gltf/MaterialBodies/MF_SpecularGlossiness_Body.uexp" 511
"../../../Engine/Plugins/Interchange/Assets/Content/gltf/M_SpecularGlossiness.uasset" 512
"../../../Engine/Plugins/Interchange/Assets/Content/gltf/M_SpecularGlossiness.uexp" 513
"../../../Engine/Plugins/Interchange/Assets/Content/gltf/MaterialInstances/MI_SpecularGlossiness_Blend.uasset" 514
"../../../Engine/Plugins/Interchange/Assets/Content/gltf/MaterialInstances/MI_SpecularGlossiness_Blend.uexp" 515
"../../../Engine/Plugins/Interchange/Assets/Content/gltf/MaterialInstances/MI_SpecularGlossiness_Blend_DS.uasset" 516
"../../../Engine/Plugins/Interchange/Assets/Content/gltf/MaterialInstances/MI_SpecularGlossiness_Blend_DS.uexp" 517
"../../../Engine/Plugins/Interchange/Assets/Content/gltf/MaterialInstances/MI_SpecularGlossiness_Mask.uasset" 518
"../../../Engine/Plugins/Interchange/Assets/Content/gltf/MaterialInstances/MI_SpecularGlossiness_Mask.uexp" 519
"../../../Engine/Plugins/Interchange/Assets/Content/gltf/MaterialInstances/MI_SpecularGlossiness_Mask_DS.uasset" 520
"../../../Engine/Plugins/Interchange/Assets/Content/gltf/MaterialInstances/MI_SpecularGlossiness_Mask_DS.uexp" 521
"../../../Engine/Plugins/Interchange/Assets/Content/gltf/MaterialInstances/MI_SpecularGlossiness_Opaque.uasset" 522
"../../../Engine/Plugins/Interchange/Assets/Content/gltf/MaterialInstances/MI_SpecularGlossiness_Opaque.uexp" 523
"../../../Engine/Plugins/Interchange/Assets/Content/gltf/MaterialInstances/MI_SpecularGlossiness_Opaque_DS.uasset" 524
"../../../Engine/Plugins/Interchange/Assets/Content/gltf/MaterialInstances/MI_SpecularGlossiness_Opaque_DS.uexp" 525
"../../../Engine/Content/EngineMaterials/Good64x64TilingNoiseHighFreq.uasset" 526
"../../../Engine/Content/EngineMaterials/Good64x64TilingNoiseHighFreq.uexp" 527
"../../../Engine/Content/Functions/Engine_MaterialFunctions02/Texturing/ScreenAlignedPixelToPixelUVs.uasset" 528
"../../../Engine/Content/Functions/Engine_MaterialFunctions02/Texturing/ScreenAlignedPixelToPixelUVs.uexp" 529
"../../../Engine/Plugins/Interchange/Assets/Content/gltf/MaterialFunctions/MF_Temporal_Blur.uasset" 530
"../../../Engine/Plugins/Interchange/Assets/Content/gltf/MaterialFunctions/MF_Temporal_Blur.uexp" 531
"../../../Engine/Plugins/Interchange/Assets/Content/gltf/MaterialFunctions/MF_Fresnel_DS.uasset" 532
"../../../Engine/Plugins/Interchange/Assets/Content/gltf/MaterialFunctions/MF_Fresnel_DS.uexp" 533
"../../../Engine/Plugins/Interchange/Assets/Content/gltf/MaterialFunctions/MF_Transmission.uasset" 534
"../../../Engine/Plugins/Interchange/Assets/Content/gltf/MaterialFunctions/MF_Transmission.uexp" 535
"../../../Engine/Plugins/Interchange/Assets/Content/gltf/MaterialBodies/MF_Transmission_Body.uasset" 536
"../../../Engine/Plugins/Interchange/Assets/Content/gltf/MaterialBodies/MF_Transmission_Body.uexp" 537
"../../../Engine/Plugins/Interchange/Assets/Content/gltf/M_Transmission.uasset" 538
"../../../Engine/Plugins/Interchange/Assets/Content/gltf/M_Transmission.uexp" 539
"../../../Engine/Plugins/Interchange/Assets/Content/gltf/MaterialInstances/MI_Transmission.uasset" 540
"../../../Engine/Plugins/Interchange/Assets/Content/gltf/MaterialInstances/MI_Transmission.uexp" 541
"../../../Engine/Plugins/Interchange/Assets/Content/gltf/MaterialInstances/MI_Transmission_DS.uasset" 542
"../../../Engine/Plugins/Interchange/Assets/Content/gltf/MaterialInstances/MI_Transmission_DS.uexp" 543
"../../../Engine/Plugins/Interchange/Assets/Content/gltf/MaterialBodies/MF_Unlit_Body.uasset" 544
"../../../Engine/Plugins/Interchange/Assets/Content/gltf/MaterialBodies/MF_Unlit_Body.uexp" 545
"../../../Engine/Plugins/Interchange/Assets/Content/gltf/M_Unlit.uasset" 546
"../../../Engine/Plugins/Interchange/Assets/Content/gltf/M_Unlit.uexp" 547
"../../../Engine/Plugins/Interchange/Assets/Content/gltf/MaterialInstances/MI_Unlit_Blend.uasset" 548
"../../../Engine/Plugins/Interchange/Assets/Content/gltf/MaterialInstances/MI_Unlit_Blend.uexp" 549
"../../../Engine/Plugins/Interchange/Assets/Content/gltf/MaterialInstances/MI_Unlit_Blend_DS.uasset" 550
"../../../Engine/Plugins/Interchange/Assets/Content/gltf/MaterialInstances/MI_Unlit_Blend_DS.uexp" 551
"../../../Engine/Plugins/Interchange/Assets/Content/gltf/MaterialInstances/MI_Unlit_Mask.uasset" 552
"../../../Engine/Plugins/Interchange/Assets/Content/gltf/MaterialInstances/MI_Unlit_Mask.uexp" 553
"../../../Engine/Plugins/Interchange/Assets/Content/gltf/MaterialInstances/MI_Unlit_Mask_DS.uasset" 554
"../../../Engine/Plugins/Interchange/Assets/Content/gltf/MaterialInstances/MI_Unlit_Mask_DS.uexp" 555
"../../../Engine/Plugins/Interchange/Assets/Content/gltf/MaterialInstances/MI_Unlit_Opaque.uasset" 556
"../../../Engine/Plugins/Interchange/Assets/Content/gltf/MaterialInstances/MI_Unlit_Opaque.uexp" 557
"../../../Engine/Plugins/Interchange/Assets/Content/gltf/MaterialInstances/MI_Unlit_Opaque_DS.uasset" 558
"../../../Engine/Plugins/Interchange/Assets/Content/gltf/MaterialInstances/MI_Unlit_Opaque_DS.uexp" 559
"../../../Engine/Content/EngineMaterials/T_Default_Material_Grid_M.ubulk" 560
"../../../Engine/Content/EngineMaterials/T_Default_Material_Grid_M.uasset" 561
"../../../Engine/Content/EngineMaterials/T_Default_Material_Grid_M.uexp" 562
"../../../Engine/Content/EngineMaterials/T_Default_Material_Grid_N.ubulk" 563
"../../../Engine/Content/EngineMaterials/T_Default_Material_Grid_N.uasset" 564
"../../../Engine/Content/EngineMaterials/T_Default_Material_Grid_N.uexp" 565
"../../../Engine/Content/Functions/Engine_MaterialFunctions01/Opacity/CameraDepthFade.uasset" 566
"../../../Engine/Content/Functions/Engine_MaterialFunctions01/Opacity/CameraDepthFade.uexp" 567
"../../../Engine/Content/EngineMaterials/DefaultMaterial.uasset" 568
"../../../Engine/Content/EngineMaterials/DefaultMaterial.uexp" 569
"../../../Engine/Content/BasicShapes/Cone.ubulk" 570
"../../../Engine/Content/BasicShapes/Cone.uasset" 571
"../../../Engine/Content/BasicShapes/Cone.uexp" 572
"../../../Engine/Content/BasicShapes/Cylinder.ubulk" 573
"../../../Engine/Content/BasicShapes/Cylinder.uasset" 574
"../../../Engine/Content/BasicShapes/Cylinder.uexp" 575
"../../../Engine/Content/EngineMaterials/WorldGridMaterial.uasset" 576
"../../../Engine/Content/EngineMaterials/WorldGridMaterial.uexp" 577
"../../../Engine/Content/BasicShapes/Plane.ubulk" 578
"../../../Engine/Content/BasicShapes/Plane.uasset" 579
"../../../Engine/Content/BasicShapes/Plane.uexp" 580
"../../../Engine/Content/BasicShapes/Sphere.ubulk" 581
"../../../Engine/Content/BasicShapes/Sphere.uasset" 582
"../../../Engine/Content/BasicShapes/Sphere.uexp" 583
"../../../Engine/Content/EngineMeshes/Sphere.ubulk" 584
"../../../Engine/Content/EngineMeshes/Sphere.uasset" 585
"../../../Engine/Content/EngineMeshes/Sphere.uexp" 586
"../../../Engine/Content/EditorLandscapeResources/SplineEditorMeshMat.uasset" 587
"../../../Engine/Content/EditorLandscapeResources/SplineEditorMeshMat.uexp" 588
"../../../Engine/Content/EditorLandscapeResources/SplineEditorMesh.ubulk" 589
"../../../Engine/Content/EditorLandscapeResources/SplineEditorMesh.uasset" 590
"../../../Engine/Content/EditorLandscapeResources/SplineEditorMesh.uexp" 591
"../../../Engine/Content/EngineMaterials/WeightMapPlaceholderTexture.uasset" 592
"../../../Engine/Content/EngineMaterials/WeightMapPlaceholderTexture.uexp" 593
"../../../Engine/Content/EngineMaterials/WeightMapArrayPlaceholderTexture.uasset" 594
"../../../Engine/Content/EngineMaterials/WeightMapArrayPlaceholderTexture.uexp" 595
"../../../Engine/Content/EngineResources/WhiteSquareTexture.uasset" 596
"../../../Engine/Content/EngineResources/WhiteSquareTexture.uexp" 597
"../../../Engine/Content/EngineMaterials/Widget3DPassThrough.uasset" 598
"../../../Engine/Content/EngineMaterials/Widget3DPassThrough.uexp" 599
"../../../Engine/Content/EngineMaterials/Widget3DPassThrough_Masked.uasset" 600
"../../../Engine/Content/EngineMaterials/Widget3DPassThrough_Masked.uexp" 601
"../../../Engine/Content/EngineMaterials/Widget3DPassThrough_Opaque.uasset" 602
"../../../Engine/Content/EngineMaterials/Widget3DPassThrough_Opaque.uexp" 603
"../../../Engine/Content/EngineMaterials/Widget3DPassThrough_Masked_OneSided.uasset" 604
"../../../Engine/Content/EngineMaterials/Widget3DPassThrough_Masked_OneSided.uexp" 605
"../../../Engine/Content/EngineMaterials/Widget3DPassThrough_Opaque_OneSided.uasset" 606
"../../../Engine/Content/EngineMaterials/Widget3DPassThrough_Opaque_OneSided.uexp" 607
"../../../Engine/Content/EngineMaterials/Widget3DPassThrough_Translucent.uasset" 608
"../../../Engine/Content/EngineMaterials/Widget3DPassThrough_Translucent.uexp" 609
"../../../Engine/Content/EngineMaterials/Widget3DPassThrough_Translucent_OneSided.uasset" 610
"../../../Engine/Content/EngineMaterials/Widget3DPassThrough_Translucent_OneSided.uexp" 611
"../../../Engine/Plugins/2D/Paper2D/Content/DefaultSpriteMaterial.uasset" 612
"../../../Engine/Plugins/2D/Paper2D/Content/DefaultSpriteMaterial.uexp" 613
"../../../Engine/Plugins/2D/Paper2D/Content/MaskedUnlitSpriteMaterial.uasset" 614
"../../../Engine/Plugins/2D/Paper2D/Content/MaskedUnlitSpriteMaterial.uexp" 615
"../../../Engine/Plugins/2D/Paper2D/Content/OpaqueUnlitSpriteMaterial.uasset" 616
"../../../Engine/Plugins/2D/Paper2D/Content/OpaqueUnlitSpriteMaterial.uexp" 617
"../../../Engine/Plugins/Animation/ControlRig/Content/Controls/ControlRig_Arrow2_1mm.ubulk" 618
"../../../Engine/Plugins/Animation/ControlRig/Content/Controls/ControlRig_Arrow2_1mm.uasset" 619
"../../../Engine/Plugins/Animation/ControlRig/Content/Controls/ControlRig_Arrow2_1mm.uexp" 620
"../../../Engine/Plugins/Animation/ControlRig/Content/Controls/ControlRig_Arrow2_3mm.ubulk" 621
"../../../Engine/Plugins/Animation/ControlRig/Content/Controls/ControlRig_Arrow2_3mm.uasset" 622
"../../../Engine/Plugins/Animation/ControlRig/Content/Controls/ControlRig_Arrow2_3mm.uexp" 623
"../../../Engine/Plugins/Animation/ControlRig/Content/Controls/ControlRig_Arrow2_solid.ubulk" 624
"../../../Engine/Plugins/Animation/ControlRig/Content/Controls/ControlRig_Arrow2_solid.uasset" 625
"../../../Engine/Plugins/Animation/ControlRig/Content/Controls/ControlRig_Arrow2_solid.uexp" 626
"../../../Engine/Plugins/Animation/ControlRig/Content/Controls/ControlRig_Arrow4_1mm.ubulk" 627
"../../../Engine/Plugins/Animation/ControlRig/Content/Controls/ControlRig_Arrow4_1mm.uasset" 628
"../../../Engine/Plugins/Animation/ControlRig/Content/Controls/ControlRig_Arrow4_1mm.uexp" 629
"../../../Engine/Plugins/Animation/ControlRig/Content/Controls/ControlRig_Arrow4_3mm.ubulk" 630
"../../../Engine/Plugins/Animation/ControlRig/Content/Controls/ControlRig_Arrow4_3mm.uasset" 631
"../../../Engine/Plugins/Animation/ControlRig/Content/Controls/ControlRig_Arrow4_3mm.uexp" 632
"../../../Engine/Plugins/Animation/ControlRig/Content/Controls/ControlRig_Arrow4_solid.ubulk" 633
"../../../Engine/Plugins/Animation/ControlRig/Content/Controls/ControlRig_Arrow4_solid.uasset" 634
"../../../Engine/Plugins/Animation/ControlRig/Content/Controls/ControlRig_Arrow4_solid.uexp" 635
"../../../Engine/Plugins/Animation/ControlRig/Content/Controls/ControlRig_Arrow_1mm.ubulk" 636
"../../../Engine/Plugins/Animation/ControlRig/Content/Controls/ControlRig_Arrow_1mm.uasset" 637
"../../../Engine/Plugins/Animation/ControlRig/Content/Controls/ControlRig_Arrow_1mm.uexp" 638
"../../../Engine/Plugins/Animation/ControlRig/Content/Controls/ControlRig_Arrow_3mm.ubulk" 639
"../../../Engine/Plugins/Animation/ControlRig/Content/Controls/ControlRig_Arrow_3mm.uasset" 640
"../../../Engine/Plugins/Animation/ControlRig/Content/Controls/ControlRig_Arrow_3mm.uexp" 641
"../../../Engine/Plugins/Animation/ControlRig/Content/Controls/ControlRig_Arrow_solid.ubulk" 642
"../../../Engine/Plugins/Animation/ControlRig/Content/Controls/ControlRig_Arrow_solid.uasset" 643
"../../../Engine/Plugins/Animation/ControlRig/Content/Controls/ControlRig_Arrow_solid.uexp" 644
"../../../Engine/Plugins/Animation/ControlRig/Content/Controls/ControlRig_Box_1mm.ubulk" 645
"../../../Engine/Plugins/Animation/ControlRig/Content/Controls/ControlRig_Box_1mm.uasset" 646
"../../../Engine/Plugins/Animation/ControlRig/Content/Controls/ControlRig_Box_1mm.uexp" 647
"../../../Engine/Plugins/Animation/ControlRig/Content/Controls/ControlRig_Box_3mm.ubulk" 648
"../../../Engine/Plugins/Animation/ControlRig/Content/Controls/ControlRig_Box_3mm.uasset" 649
"../../../Engine/Plugins/Animation/ControlRig/Content/Controls/ControlRig_Box_3mm.uexp" 650
"../../../Engine/Plugins/Animation/ControlRig/Content/Controls/ControlRig_Box_solid.ubulk" 651
"../../../Engine/Plugins/Animation/ControlRig/Content/Controls/ControlRig_Box_solid.uasset" 652
"../../../Engine/Plugins/Animation/ControlRig/Content/Controls/ControlRig_Box_solid.uexp" 653
"../../../Engine/Plugins/Animation/ControlRig/Content/Controls/ControlRig_Circle_1mm.ubulk" 654
"../../../Engine/Plugins/Animation/ControlRig/Content/Controls/ControlRig_Circle_1mm.uasset" 655
"../../../Engine/Plugins/Animation/ControlRig/Content/Controls/ControlRig_Circle_1mm.uexp" 656
"../../../Engine/Plugins/Animation/ControlRig/Content/Controls/ControlRig_Circle_3mm.ubulk" 657
"../../../Engine/Plugins/Animation/ControlRig/Content/Controls/ControlRig_Circle_3mm.uasset" 658
"../../../Engine/Plugins/Animation/ControlRig/Content/Controls/ControlRig_Circle_3mm.uexp" 659
"../../../Engine/Plugins/Animation/ControlRig/Content/Controls/ControlRig_Circle_solid.ubulk" 660
"../../../Engine/Plugins/Animation/ControlRig/Content/Controls/ControlRig_Circle_solid.uasset" 661
"../../../Engine/Plugins/Animation/ControlRig/Content/Controls/ControlRig_Circle_solid.uexp" 662
"../../../Engine/Plugins/Animation/ControlRig/Content/Controls/ControlRig_Diamond_1mm.ubulk" 663
"../../../Engine/Plugins/Animation/ControlRig/Content/Controls/ControlRig_Diamond_1mm.uasset" 664
"../../../Engine/Plugins/Animation/ControlRig/Content/Controls/ControlRig_Diamond_1mm.uexp" 665
"../../../Engine/Plugins/Animation/ControlRig/Content/Controls/ControlRig_Diamond_3mm.ubulk" 666
"../../../Engine/Plugins/Animation/ControlRig/Content/Controls/ControlRig_Diamond_3mm.uasset" 667
"../../../Engine/Plugins/Animation/ControlRig/Content/Controls/ControlRig_Diamond_3mm.uexp" 668
"../../../Engine/Plugins/Animation/ControlRig/Content/Controls/ControlRig_Diamond_solid.ubulk" 669
"../../../Engine/Plugins/Animation/ControlRig/Content/Controls/ControlRig_Diamond_solid.uasset" 670
"../../../Engine/Plugins/Animation/ControlRig/Content/Controls/ControlRig_Diamond_solid.uexp" 671
"../../../Engine/Plugins/Animation/ControlRig/Content/Controls/ControlRig_HalfCircle_1mm.ubulk" 672
"../../../Engine/Plugins/Animation/ControlRig/Content/Controls/ControlRig_HalfCircle_1mm.uasset" 673
"../../../Engine/Plugins/Animation/ControlRig/Content/Controls/ControlRig_HalfCircle_1mm.uexp" 674
"../../../Engine/Plugins/Animation/ControlRig/Content/Controls/ControlRig_HalfCircle_3mm.ubulk" 675
"../../../Engine/Plugins/Animation/ControlRig/Content/Controls/ControlRig_HalfCircle_3mm.uasset" 676
"../../../Engine/Plugins/Animation/ControlRig/Content/Controls/ControlRig_HalfCircle_3mm.uexp" 677
"../../../Engine/Plugins/Animation/ControlRig/Content/Controls/ControlRig_HalfCircle_solid.ubulk" 678
"../../../Engine/Plugins/Animation/ControlRig/Content/Controls/ControlRig_HalfCircle_solid.uasset" 679
"../../../Engine/Plugins/Animation/ControlRig/Content/Controls/ControlRig_HalfCircle_solid.uexp" 680
"../../../Engine/Plugins/Animation/ControlRig/Content/Controls/ControlRig_Hexagon_1mm.ubulk" 681
"../../../Engine/Plugins/Animation/ControlRig/Content/Controls/ControlRig_Hexagon_1mm.uasset" 682
"../../../Engine/Plugins/Animation/ControlRig/Content/Controls/ControlRig_Hexagon_1mm.uexp" 683
"../../../Engine/Plugins/Animation/ControlRig/Content/Controls/ControlRig_Hexagon_3mm.ubulk" 684
"../../../Engine/Plugins/Animation/ControlRig/Content/Controls/ControlRig_Hexagon_3mm.uasset" 685
"../../../Engine/Plugins/Animation/ControlRig/Content/Controls/ControlRig_Hexagon_3mm.uexp" 686
"../../../Engine/Plugins/Animation/ControlRig/Content/Controls/ControlRig_Hexagon_solid.ubulk" 687
"../../../Engine/Plugins/Animation/ControlRig/Content/Controls/ControlRig_Hexagon_solid.uasset" 688
"../../../Engine/Plugins/Animation/ControlRig/Content/Controls/ControlRig_Hexagon_solid.uexp" 689
"../../../Engine/Plugins/Animation/ControlRig/Content/Controls/ControlRig_Octagon_1mm.ubulk" 690
"../../../Engine/Plugins/Animation/ControlRig/Content/Controls/ControlRig_Octagon_1mm.uasset" 691
"../../../Engine/Plugins/Animation/ControlRig/Content/Controls/ControlRig_Octagon_1mm.uexp" 692
"../../../Engine/Plugins/Animation/ControlRig/Content/Controls/ControlRig_Octagon_3mm.ubulk" 693
"../../../Engine/Plugins/Animation/ControlRig/Content/Controls/ControlRig_Octagon_3mm.uasset" 694
"../../../Engine/Plugins/Animation/ControlRig/Content/Controls/ControlRig_Octagon_3mm.uexp" 695
"../../../Engine/Plugins/Animation/ControlRig/Content/Controls/ControlRig_Octagon_solid.ubulk" 696
"../../../Engine/Plugins/Animation/ControlRig/Content/Controls/ControlRig_Octagon_solid.uasset" 697
"../../../Engine/Plugins/Animation/ControlRig/Content/Controls/ControlRig_Octagon_solid.uexp" 698
"../../../Engine/Plugins/Animation/ControlRig/Content/Controls/ControlRig_Pyramid_1mm.ubulk" 699
"../../../Engine/Plugins/Animation/ControlRig/Content/Controls/ControlRig_Pyramid_1mm.uasset" 700
"../../../Engine/Plugins/Animation/ControlRig/Content/Controls/ControlRig_Pyramid_1mm.uexp" 701
"../../../Engine/Plugins/Animation/ControlRig/Content/Controls/ControlRig_Pyramid_3mm.ubulk" 702
"../../../Engine/Plugins/Animation/ControlRig/Content/Controls/ControlRig_Pyramid_3mm.uasset" 703
"../../../Engine/Plugins/Animation/ControlRig/Content/Controls/ControlRig_Pyramid_3mm.uexp" 704
"../../../Engine/Plugins/Animation/ControlRig/Content/Controls/ControlRig_Pyramid_solid.ubulk" 705
"../../../Engine/Plugins/Animation/ControlRig/Content/Controls/ControlRig_Pyramid_solid.uasset" 706
"../../../Engine/Plugins/Animation/ControlRig/Content/Controls/ControlRig_Pyramid_solid.uexp" 707
"../../../Engine/Plugins/Animation/ControlRig/Content/Controls/ControlRig_QuarterCircle_1mm.ubulk" 708
"../../../Engine/Plugins/Animation/ControlRig/Content/Controls/ControlRig_QuarterCircle_1mm.uasset" 709
"../../../Engine/Plugins/Animation/ControlRig/Content/Controls/ControlRig_QuarterCircle_1mm.uexp" 710
"../../../Engine/Plugins/Animation/ControlRig/Content/Controls/ControlRig_QuarterCircle_3mm.ubulk" 711
"../../../Engine/Plugins/Animation/ControlRig/Content/Controls/ControlRig_QuarterCircle_3mm.uasset" 712
"../../../Engine/Plugins/Animation/ControlRig/Content/Controls/ControlRig_QuarterCircle_3mm.uexp" 713
"../../../Engine/Plugins/Animation/ControlRig/Content/Controls/ControlRig_QuarterCircle_solid.ubulk" 714
"../../../Engine/Plugins/Animation/ControlRig/Content/Controls/ControlRig_QuarterCircle_solid.uasset" 715
"../../../Engine/Plugins/Animation/ControlRig/Content/Controls/ControlRig_QuarterCircle_solid.uexp" 716
"../../../Engine/Plugins/Animation/ControlRig/Content/Controls/ControlRig_RoundedSquare_1mm.ubulk" 717
"../../../Engine/Plugins/Animation/ControlRig/Content/Controls/ControlRig_RoundedSquare_1mm.uasset" 718
"../../../Engine/Plugins/Animation/ControlRig/Content/Controls/ControlRig_RoundedSquare_1mm.uexp" 719
"../../../Engine/Plugins/Animation/ControlRig/Content/Controls/ControlRig_RoundedSquare_3mm.ubulk" 720
"../../../Engine/Plugins/Animation/ControlRig/Content/Controls/ControlRig_RoundedSquare_3mm.uasset" 721
"../../../Engine/Plugins/Animation/ControlRig/Content/Controls/ControlRig_RoundedSquare_3mm.uexp" 722
"../../../Engine/Plugins/Animation/ControlRig/Content/Controls/ControlRig_RoundedSquare_solid.ubulk" 723
"../../../Engine/Plugins/Animation/ControlRig/Content/Controls/ControlRig_RoundedSquare_solid.uasset" 724
"../../../Engine/Plugins/Animation/ControlRig/Content/Controls/ControlRig_RoundedSquare_solid.uexp" 725
"../../../Engine/Plugins/Animation/ControlRig/Content/Controls/ControlRig_RoundedTriangle_1mm.ubulk" 726
"../../../Engine/Plugins/Animation/ControlRig/Content/Controls/ControlRig_RoundedTriangle_1mm.uasset" 727
"../../../Engine/Plugins/Animation/ControlRig/Content/Controls/ControlRig_RoundedTriangle_1mm.uexp" 728
"../../../Engine/Plugins/Animation/ControlRig/Content/Controls/ControlRig_RoundedTriangle_3mm.ubulk" 729
"../../../Engine/Plugins/Animation/ControlRig/Content/Controls/ControlRig_RoundedTriangle_3mm.uasset" 730
"../../../Engine/Plugins/Animation/ControlRig/Content/Controls/ControlRig_RoundedTriangle_3mm.uexp" 731
"../../../Engine/Plugins/Animation/ControlRig/Content/Controls/ControlRig_RoundedTriangle_solid.ubulk" 732
"../../../Engine/Plugins/Animation/ControlRig/Content/Controls/ControlRig_RoundedTriangle_solid.uasset" 733
"../../../Engine/Plugins/Animation/ControlRig/Content/Controls/ControlRig_RoundedTriangle_solid.uexp" 734
"../../../Engine/Plugins/Animation/ControlRig/Content/Controls/ControlRig_Sphere_1mm.ubulk" 735
"../../../Engine/Plugins/Animation/ControlRig/Content/Controls/ControlRig_Sphere_1mm.uasset" 736
"../../../Engine/Plugins/Animation/ControlRig/Content/Controls/ControlRig_Sphere_1mm.uexp" 737
"../../../Engine/Plugins/Animation/ControlRig/Content/Controls/ControlRig_Sphere_3mm.ubulk" 738
"../../../Engine/Plugins/Animation/ControlRig/Content/Controls/ControlRig_Sphere_3mm.uasset" 739
"../../../Engine/Plugins/Animation/ControlRig/Content/Controls/ControlRig_Sphere_3mm.uexp" 740
"../../../Engine/Plugins/Animation/ControlRig/Content/Controls/ControlRig_Sphere_solid.ubulk" 741
"../../../Engine/Plugins/Animation/ControlRig/Content/Controls/ControlRig_Sphere_solid.uasset" 742
"../../../Engine/Plugins/Animation/ControlRig/Content/Controls/ControlRig_Sphere_solid.uexp" 743
"../../../Engine/Plugins/Animation/ControlRig/Content/Controls/ControlRig_Square_1mm.ubulk" 744
"../../../Engine/Plugins/Animation/ControlRig/Content/Controls/ControlRig_Square_1mm.uasset" 745
"../../../Engine/Plugins/Animation/ControlRig/Content/Controls/ControlRig_Square_1mm.uexp" 746
"../../../Engine/Plugins/Animation/ControlRig/Content/Controls/ControlRig_Square_3mm.ubulk" 747
"../../../Engine/Plugins/Animation/ControlRig/Content/Controls/ControlRig_Square_3mm.uasset" 748
"../../../Engine/Plugins/Animation/ControlRig/Content/Controls/ControlRig_Square_3mm.uexp" 749
"../../../Engine/Plugins/Animation/ControlRig/Content/Controls/ControlRig_Square_solid.ubulk" 750
"../../../Engine/Plugins/Animation/ControlRig/Content/Controls/ControlRig_Square_solid.uasset" 751
"../../../Engine/Plugins/Animation/ControlRig/Content/Controls/ControlRig_Square_solid.uexp" 752
"../../../Engine/Plugins/Animation/ControlRig/Content/Controls/ControlRig_Star4_1mm.ubulk" 753
"../../../Engine/Plugins/Animation/ControlRig/Content/Controls/ControlRig_Star4_1mm.uasset" 754
"../../../Engine/Plugins/Animation/ControlRig/Content/Controls/ControlRig_Star4_1mm.uexp" 755
"../../../Engine/Plugins/Animation/ControlRig/Content/Controls/ControlRig_Star4_3mm.ubulk" 756
"../../../Engine/Plugins/Animation/ControlRig/Content/Controls/ControlRig_Star4_3mm.uasset" 757
"../../../Engine/Plugins/Animation/ControlRig/Content/Controls/ControlRig_Star4_3mm.uexp" 758
"../../../Engine/Plugins/Animation/ControlRig/Content/Controls/ControlRig_Star4_solid.ubulk" 759
"../../../Engine/Plugins/Animation/ControlRig/Content/Controls/ControlRig_Star4_solid.uasset" 760
"../../../Engine/Plugins/Animation/ControlRig/Content/Controls/ControlRig_Star4_solid.uexp" 761
"../../../Engine/Plugins/Animation/ControlRig/Content/Controls/ControlRig_Triangle_1mm.ubulk" 762
"../../../Engine/Plugins/Animation/ControlRig/Content/Controls/ControlRig_Triangle_1mm.uasset" 763
"../../../Engine/Plugins/Animation/ControlRig/Content/Controls/ControlRig_Triangle_1mm.uexp" 764
"../../../Engine/Plugins/Animation/ControlRig/Content/Controls/ControlRig_Triangle_3mm.ubulk" 765
"../../../Engine/Plugins/Animation/ControlRig/Content/Controls/ControlRig_Triangle_3mm.uasset" 766
"../../../Engine/Plugins/Animation/ControlRig/Content/Controls/ControlRig_Triangle_3mm.uexp" 767
"../../../Engine/Plugins/Animation/ControlRig/Content/Controls/ControlRig_Triangle_solid.ubulk" 768
"../../../Engine/Plugins/Animation/ControlRig/Content/Controls/ControlRig_Triangle_solid.uasset" 769
"../../../Engine/Plugins/Animation/ControlRig/Content/Controls/ControlRig_Triangle_solid.uexp" 770
"../../../Engine/Plugins/Animation/ControlRig/Content/Controls/ControlRig_Wedge_1mm.ubulk" 771
"../../../Engine/Plugins/Animation/ControlRig/Content/Controls/ControlRig_Wedge_1mm.uasset" 772
"../../../Engine/Plugins/Animation/ControlRig/Content/Controls/ControlRig_Wedge_1mm.uexp" 773
"../../../Engine/Plugins/Animation/ControlRig/Content/Controls/ControlRig_Wedge_3mm.ubulk" 774
"../../../Engine/Plugins/Animation/ControlRig/Content/Controls/ControlRig_Wedge_3mm.uasset" 775
"../../../Engine/Plugins/Animation/ControlRig/Content/Controls/ControlRig_Wedge_3mm.uexp" 776
"../../../Engine/Plugins/Animation/ControlRig/Content/Controls/ControlRig_Wedge_solid.ubulk" 777
"../../../Engine/Plugins/Animation/ControlRig/Content/Controls/ControlRig_Wedge_solid.uasset" 778
"../../../Engine/Plugins/Animation/ControlRig/Content/Controls/ControlRig_Wedge_solid.uexp" 779
"../../../Engine/Plugins/Media/MediaPlate/Content/SM_MediaPlateScreen.ubulk" 780
"../../../Engine/Plugins/Media/MediaPlate/Content/SM_MediaPlateScreen.uasset" 781
"../../../Engine/Plugins/Media/MediaPlate/Content/SM_MediaPlateScreen.uexp" 782
"../../../Engine/Plugins/NNE/NNEDenoiser/Content/NNEDIM_ColorAlbedoNormal_Alpha.uasset" 783
"../../../Engine/Plugins/NNE/NNEDenoiser/Content/NNEDIM_ColorAlbedoNormal_Alpha.uexp" 784
"../../../Engine/Plugins/NNE/NNEDenoiser/Content/NNEDIM_ColorAlbedoNormal_Default.uasset" 785
"../../../Engine/Plugins/NNE/NNEDenoiser/Content/NNEDIM_ColorAlbedoNormal_Default.uexp" 786
"../../../Engine/Plugins/NNE/NNEDenoiser/Content/NNEDIM_HighQuality_Alpha.uasset" 787
"../../../Engine/Plugins/NNE/NNEDenoiser/Content/NNEDIM_HighQuality_Alpha.uexp" 788
"../../../Engine/Plugins/NNE/NNEDenoiser/Content/NNEDIM_HighQuality_Default.uasset" 789
"../../../Engine/Plugins/NNE/NNEDenoiser/Content/NNEDIM_HighQuality_Default.uexp" 790
"../../../Engine/Plugins/NNE/NNEDenoiser/Content/NNEDOM_Output_Alpha.uasset" 791
"../../../Engine/Plugins/NNE/NNEDenoiser/Content/NNEDOM_Output_Alpha.uexp" 792
"../../../Engine/Plugins/NNE/NNEDenoiser/Content/NNEDOM_Output_Default.uasset" 793
"../../../Engine/Plugins/NNE/NNEDenoiser/Content/NNEDOM_Output_Default.uexp" 794
"../../../Engine/Plugins/NNE/NNEDenoiser/Content/NNEDTIM_ColorAlbedoNormal_Alpha.uasset" 795
"../../../Engine/Plugins/NNE/NNEDenoiser/Content/NNEDTIM_ColorAlbedoNormal_Alpha.uexp" 796
"../../../Engine/Plugins/NNE/NNEDenoiser/Content/NNEDTIM_ColorAlbedoNormal_Default.uasset" 797
"../../../Engine/Plugins/NNE/NNEDenoiser/Content/NNEDTIM_ColorAlbedoNormal_Default.uexp" 798
"../../../Engine/Plugins/NNE/NNEDenoiser/Content/NNEDTOM_Output_Alpha.uasset" 799
"../../../Engine/Plugins/NNE/NNEDenoiser/Content/NNEDTOM_Output_Alpha.uexp" 800
"../../../Engine/Plugins/NNE/NNEDenoiser/Content/NNEDTOM_Output_Default.uasset" 801
"../../../Engine/Plugins/NNE/NNEDenoiser/Content/NNEDTOM_Output_Default.uexp" 802
"../../../Engine/Content/Functions/Engine_MaterialFunctions02/Texturing/CustomRotator.uasset" 803
"../../../Engine/Content/Functions/Engine_MaterialFunctions02/Texturing/CustomRotator.uexp" 804
"../../../Engine/Content/Functions/Engine_MaterialFunctions01/Texturing/ScaleUVsByCenter.uasset" 805
"../../../Engine/Content/Functions/Engine_MaterialFunctions01/Texturing/ScaleUVsByCenter.uexp" 806
"../../../Engine/Content/Functions/Engine_MaterialFunctions01/Gradient/GeneratedRoundRect.uasset" 807
"../../../Engine/Content/Functions/Engine_MaterialFunctions01/Gradient/GeneratedRoundRect.uexp" 808
"../../../Engine/Content/Functions/Engine_MaterialFunctions01/Gradient/SphereGradient-2D.uasset" 809
"../../../Engine/Content/Functions/Engine_MaterialFunctions01/Gradient/SphereGradient-2D.uexp" 810
"../../../Engine/Plugins/Runtime/AudioWidgets/Content/AudioMaterialSlate/Functions/MF_DotOutlined.uasset" 811
"../../../Engine/Plugins/Runtime/AudioWidgets/Content/AudioMaterialSlate/Functions/MF_DotOutlined.uexp" 812
"../../../Engine/Plugins/Runtime/AudioWidgets/Content/AudioMaterialSlate/M_AudioMaterialEnvelope_ADSR.uasset" 813
"../../../Engine/Plugins/Runtime/AudioWidgets/Content/AudioMaterialSlate/M_AudioMaterialEnvelope_ADSR.uexp" 814
"../../../Engine/Plugins/Runtime/AudioWidgets/Content/AudioMaterialSlate/MI_AudioMaterialEnvelope_ADSR.uasset" 815
"../../../Engine/Plugins/Runtime/AudioWidgets/Content/AudioMaterialSlate/MI_AudioMaterialEnvelope_ADSR.uexp" 816
"../../../Engine/Plugins/Runtime/AudioWidgets/Content/AudioMaterialSlate/Functions/MF_SingleLine_Smooth.uasset" 817
"../../../Engine/Plugins/Runtime/AudioWidgets/Content/AudioMaterialSlate/Functions/MF_SingleLine_Smooth.uexp" 818
"../../../Engine/Plugins/Runtime/AudioWidgets/Content/AudioMaterialSlate/Functions/MF_AngleGradient.uasset" 819
"../../../Engine/Plugins/Runtime/AudioWidgets/Content/AudioMaterialSlate/Functions/MF_AngleGradient.uexp" 820
"../../../Engine/Content/Functions/Engine_MaterialFunctions02/Lerp_3Color.uasset" 821
"../../../Engine/Content/Functions/Engine_MaterialFunctions02/Lerp_3Color.uexp" 822
"../../../Engine/Plugins/Runtime/AudioWidgets/Content/AudioMaterialSlate/M_AudioMaterialKnob.uasset" 823
"../../../Engine/Plugins/Runtime/AudioWidgets/Content/AudioMaterialSlate/M_AudioMaterialKnob.uexp" 824
"../../../Engine/Plugins/Runtime/AudioWidgets/Content/AudioMaterialSlate/MI_AudioMaterialKnob.uasset" 825
"../../../Engine/Plugins/Runtime/AudioWidgets/Content/AudioMaterialSlate/MI_AudioMaterialKnob.uexp" 826
"../../../Engine/Plugins/Runtime/AudioWidgets/Content/AudioMaterialSlate/Functions/MF_Lines.uasset" 827
"../../../Engine/Plugins/Runtime/AudioWidgets/Content/AudioMaterialSlate/Functions/MF_Lines.uexp" 828
"../../../Engine/Plugins/Runtime/AudioWidgets/Content/AudioMaterialSlate/M_AudioMaterialMeter.uasset" 829
"../../../Engine/Plugins/Runtime/AudioWidgets/Content/AudioMaterialSlate/M_AudioMaterialMeter.uexp" 830
"../../../Engine/Plugins/Runtime/AudioWidgets/Content/AudioMaterialSlate/MI_AudioMaterialMeter.uasset" 831
"../../../Engine/Plugins/Runtime/AudioWidgets/Content/AudioMaterialSlate/MI_AudioMaterialMeter.uexp" 832
"../../../Engine/Plugins/Runtime/AudioWidgets/Content/AudioMaterialSlate/M_AudioMaterialRoundedSlider.uasset" 833
"../../../Engine/Plugins/Runtime/AudioWidgets/Content/AudioMaterialSlate/M_AudioMaterialRoundedSlider.uexp" 834
"../../../Engine/Plugins/Runtime/AudioWidgets/Content/AudioMaterialSlate/MI_AudioMaterialRoundedSlider.uasset" 835
"../../../Engine/Plugins/Runtime/AudioWidgets/Content/AudioMaterialSlate/MI_AudioMaterialRoundedSlider.uexp" 836
"../../../Engine/Plugins/Runtime/AudioWidgets/Content/AudioMaterialSlate/Functions/MF_SingleLine.uasset" 837
"../../../Engine/Plugins/Runtime/AudioWidgets/Content/AudioMaterialSlate/Functions/MF_SingleLine.uexp" 838
"../../../Engine/Plugins/Runtime/AudioWidgets/Content/AudioMaterialSlate/M_AudioMaterialToggleButton.uasset" 839
"../../../Engine/Plugins/Runtime/AudioWidgets/Content/AudioMaterialSlate/M_AudioMaterialToggleButton.uexp" 840
"../../../Engine/Plugins/Runtime/AudioWidgets/Content/AudioMaterialSlate/MI_AudioMaterialToggleButton.uasset" 841
"../../../Engine/Plugins/Runtime/AudioWidgets/Content/AudioMaterialSlate/MI_AudioMaterialToggleButton.uexp" 842
"../../../Engine/Content/EditorMaterials/Camera/CineMat.uasset" 843
"../../../Engine/Content/EditorMaterials/Camera/CineMat.uexp" 844
"../../../Engine/Content/EditorMaterials/Camera/MI_CineMat_Rig.uasset" 845
"../../../Engine/Content/EditorMaterials/Camera/MI_CineMat_Rig.uexp" 846
"../../../Engine/Content/EditorMeshes/Camera/SM_RailRig_Track.ubulk" 847
"../../../Engine/Content/EditorMeshes/Camera/SM_RailRig_Track.uasset" 848
"../../../Engine/Content/EditorMeshes/Camera/SM_RailRig_Track.uexp" 849
"../../../Engine/Content/EditorMeshes/Camera/SM_RailRig_Mount.ubulk" 850
"../../../Engine/Content/EditorMeshes/Camera/SM_RailRig_Mount.uasset" 851
"../../../Engine/Content/EditorMeshes/Camera/SM_RailRig_Mount.uexp" 852
"../../../Engine/Content/EditorMeshes/Camera/SM_CraneRig_Mount.ubulk" 853
"../../../Engine/Content/EditorMeshes/Camera/SM_CraneRig_Mount.uasset" 854
"../../../Engine/Content/EditorMeshes/Camera/SM_CraneRig_Mount.uexp" 855
"../../../Engine/Content/EditorMeshes/Camera/SM_CraneRig_Body.ubulk" 856
"../../../Engine/Content/EditorMeshes/Camera/SM_CraneRig_Body.uasset" 857
"../../../Engine/Content/EditorMeshes/Camera/SM_CraneRig_Body.uexp" 858
"../../../Engine/Content/EditorMeshes/Camera/SM_CraneRig_Base.ubulk" 859
"../../../Engine/Content/EditorMeshes/Camera/SM_CraneRig_Base.uasset" 860
"../../../Engine/Content/EditorMeshes/Camera/SM_CraneRig_Base.uexp" 861
"../../../Engine/Content/EditorMeshes/Camera/SM_CraneRig_Arm.ubulk" 862
"../../../Engine/Content/EditorMeshes/Camera/SM_CraneRig_Arm.uasset" 863
"../../../Engine/Content/EditorMeshes/Camera/SM_CraneRig_Arm.uexp" 864
"../../../Engine/Content/ArtTools/RenderToTexture/Meshes/S_1_Unit_Plane.ubulk" 865
"../../../Engine/Content/ArtTools/RenderToTexture/Meshes/S_1_Unit_Plane.uasset" 866
"../../../Engine/Content/ArtTools/RenderToTexture/Meshes/S_1_Unit_Plane.uexp" 867
"../../../Engine/Plugins/NNE/NNEDenoiser/Content/NNE_oidn2-3-0_rt_hdr_calb_cnrm_large__dyn__fp16_opset11_ForwardAlpha.uasset" 868
"../../../Engine/Plugins/NNE/NNEDenoiser/Content/NNE_oidn2-3-0_rt_hdr_calb_cnrm_large__dyn__fp16_opset11_ForwardAlpha.uexp" 869
"../../../Engine/Plugins/NNE/NNEDenoiser/Content/NNE_oidn2-3-0_rt_hdr_calb_cnrm_large__dyn__fp16_opset11_DenoiseAlpha.uasset" 870
"../../../Engine/Plugins/NNE/NNEDenoiser/Content/NNE_oidn2-3-0_rt_hdr_calb_cnrm_large__dyn__fp16_opset11_DenoiseAlpha.uexp" 871
"../../../Engine/Plugins/NNE/NNEDenoiser/Content/NNE_oidn2-3-0_rt_hdr_alb_nrm__dyn__fp16_opset11_ForwardAlpha.uasset" 872
"../../../Engine/Plugins/NNE/NNEDenoiser/Content/NNE_oidn2-3-0_rt_hdr_alb_nrm__dyn__fp16_opset11_ForwardAlpha.uexp" 873
"../../../Engine/Plugins/NNE/NNEDenoiser/Content/NNE_oidn2-3-0_rt_hdr_alb_nrm__dyn__fp16_opset11_DenoiseAlpha.uasset" 874
"../../../Engine/Plugins/NNE/NNEDenoiser/Content/NNE_oidn2-3-0_rt_hdr_alb_nrm__dyn__fp16_opset11_DenoiseAlpha.uexp" 875
"../../../Engine/Plugins/NNE/NNEDenoiser/Content/NNE_oidn2-3-0_rt_hdr_alb_nrm_small__dyn__fp16_opset11_ForwardAlpha.uasset" 876
"../../../Engine/Plugins/NNE/NNEDenoiser/Content/NNE_oidn2-3-0_rt_hdr_alb_nrm_small__dyn__fp16_opset11_ForwardAlpha.uexp" 877
"../../../Engine/Plugins/NNE/NNEDenoiser/Content/NNE_oidn2-3-0_rt_hdr_alb_nrm_small__dyn__fp16_opset11_DenoiseAlpha.uasset" 878
"../../../Engine/Plugins/NNE/NNEDenoiser/Content/NNE_oidn2-3-0_rt_hdr_alb_nrm_small__dyn__fp16_opset11_DenoiseAlpha.uexp" 879
"../../../Engine/Plugins/NNE/NNEDenoiser/Content/NNED_Oidn2-3_HighQuality_Alpha.uasset" 880
"../../../Engine/Plugins/NNE/NNEDenoiser/Content/NNED_Oidn2-3_HighQuality_Alpha.uexp" 881
"../../../Engine/Plugins/NNE/NNEDenoiser/Content/NNED_Oidn2-3_HighQuality.uasset" 882
"../../../Engine/Plugins/NNE/NNEDenoiser/Content/NNED_Oidn2-3_HighQuality.uexp" 883
"../../../Engine/Plugins/NNE/NNEDenoiser/Content/NNED_Oidn2-3_Fast_Alpha.uasset" 884
"../../../Engine/Plugins/NNE/NNEDenoiser/Content/NNED_Oidn2-3_Fast_Alpha.uexp" 885
"../../../Engine/Plugins/NNE/NNEDenoiser/Content/NNED_Oidn2-3_Fast.uasset" 886
"../../../Engine/Plugins/NNE/NNEDenoiser/Content/NNED_Oidn2-3_Fast.uexp" 887
"../../../Engine/Plugins/NNE/NNEDenoiser/Content/NNED_Oidn2-3_Balanced_Alpha.uasset" 888
"../../../Engine/Plugins/NNE/NNEDenoiser/Content/NNED_Oidn2-3_Balanced_Alpha.uexp" 889
"../../../Engine/Plugins/NNE/NNEDenoiser/Content/NNED_Oidn2-3_Balanced.uasset" 890
"../../../Engine/Plugins/NNE/NNEDenoiser/Content/NNED_Oidn2-3_Balanced.uexp" 891
"../../../Engine/Plugins/NNE/NNEDenoiser/Content/NNEDT_Oidn2-3_Balanced_Alpha.uasset" 892
"../../../Engine/Plugins/NNE/NNEDenoiser/Content/NNEDT_Oidn2-3_Balanced_Alpha.uexp" 893
"../../../Engine/Plugins/NNE/NNEDenoiser/Content/NNEDT_Oidn2-3_Balanced.uasset" 894
"../../../Engine/Plugins/NNE/NNEDenoiser/Content/NNEDT_Oidn2-3_Balanced.uexp" 895
"../../../Engine/Plugins/Animation/DeformerGraph/Content/Deformers/DG_LinearBlendSkin_Morph_Cloth_RecomputeNormals.uasset" 896
"../../../Engine/Plugins/Animation/DeformerGraph/Content/Deformers/DG_LinearBlendSkin_Morph_Cloth_RecomputeNormals.uexp" 897
"../../../Engine/Plugins/Animation/DeformerGraph/Content/Deformers/DG_LinearBlendSkin_Morph_Cloth.uasset" 898
"../../../Engine/Plugins/Animation/DeformerGraph/Content/Deformers/DG_LinearBlendSkin_Morph_Cloth.uexp" 899
"../../../Engine/Plugins/Animation/DeformerGraph/Content/DeformerFunctions/DG_Function_LinearBlendSkin_Morph_Cloth_PositionOnly.uasset" 900
"../../../Engine/Plugins/Animation/DeformerGraph/Content/DeformerFunctions/DG_Function_LinearBlendSkin_Morph_Cloth_PositionOnly.uexp" 901
"../../../Engine/Plugins/Animation/DeformerGraph/Content/DeformerFunctions/DG_Function_LinearBlendSkin_Morph_Cloth.uasset" 902
"../../../Engine/Plugins/Animation/DeformerGraph/Content/DeformerFunctions/DG_Function_LinearBlendSkin_Morph_Cloth.uexp" 903
"../../../Engine/Plugins/Animation/DeformerGraph/Content/DeformerFunctions/DG_Function_ComputeNormalsTangents.uasset" 904
"../../../Engine/Plugins/Animation/DeformerGraph/Content/DeformerFunctions/DG_Function_ComputeNormalsTangents.uexp" 905
"../../../Engine/Content/VREditor/TransformGizmo/StartRotationHandleIndicator.ubulk" 906
"../../../Engine/Content/VREditor/TransformGizmo/StartRotationHandleIndicator.uasset" 907
"../../../Engine/Content/VREditor/TransformGizmo/StartRotationHandleIndicator.uexp" 908
"../../../Engine/Content/VREditor/Sounds/UI/Drop_Item_From_ContentBrowser.ubulk" 909
"../../../Engine/Content/VREditor/Sounds/UI/Drop_Item_From_ContentBrowser.uasset" 910
"../../../Engine/Content/VREditor/Sounds/UI/Drop_Item_From_ContentBrowser.uexp" 911
"../../../Engine/Content/VREditor/TransformGizmo/PlaneTranslationHandle.ubulk" 912
"../../../Engine/Content/VREditor/TransformGizmo/PlaneTranslationHandle.uasset" 913
"../../../Engine/Content/VREditor/TransformGizmo/PlaneTranslationHandle.uexp" 914
"../../../Engine/Content/VREditor/Sounds/UI/Object_Snaps_To_Grid.ubulk" 915
"../../../Engine/Content/VREditor/Sounds/UI/Object_Snaps_To_Grid.uasset" 916
"../../../Engine/Content/VREditor/Sounds/UI/Object_Snaps_To_Grid.uexp" 917
"../../../Engine/Content/VREditor/Sounds/UI/Selection_Changes.ubulk" 918
"../../../Engine/Content/VREditor/Sounds/UI/Selection_Changes.uasset" 919
"../../../Engine/Content/VREditor/Sounds/UI/Selection_Changes.uexp" 920
"../../../Engine/Content/VREditor/Sounds/UI/Object_Snaps_To_Another_Actor.ubulk" 921
"../../../Engine/Content/VREditor/Sounds/UI/Object_Snaps_To_Another_Actor.uasset" 922
"../../../Engine/Content/VREditor/Sounds/UI/Object_Snaps_To_Another_Actor.uexp" 923
"../../../Engine/Content/VREditor/TransformGizmo/TranslucentTransformGizmoMaterial_Inst.uasset" 924
"../../../Engine/Content/VREditor/TransformGizmo/TranslucentTransformGizmoMaterial_Inst.uexp" 925
"../../../Engine/Content/VREditor/TransformGizmo/TransformGizmoFreeRotation.ubulk" 926
"../../../Engine/Content/VREditor/TransformGizmo/TransformGizmoFreeRotation.uasset" 927
"../../../Engine/Content/VREditor/TransformGizmo/TransformGizmoFreeRotation.uexp" 928
"../../../Engine/Content/VREditor/Sounds/UI/Scaling_Down.ubulk" 929
"../../../Engine/Content/VREditor/Sounds/UI/Scaling_Down.uasset" 930
"../../../Engine/Content/VREditor/Sounds/UI/Scaling_Down.uexp" 931
"../../../Engine/Content/Functions/Engine_MaterialFunctions02/SplitComponents.uasset" 932
"../../../Engine/Content/Functions/Engine_MaterialFunctions02/SplitComponents.uexp" 933
"../../../Engine/Content/VREditor/SnapGrid/SnapGridMaterial.uasset" 934
"../../../Engine/Content/VREditor/SnapGrid/SnapGridMaterial.uexp" 935
"../../../Engine/Content/VREditor/SnapGrid/SnapGridPlaneMesh.ubulk" 936
"../../../Engine/Content/VREditor/SnapGrid/SnapGridPlaneMesh.uasset" 937
"../../../Engine/Content/VREditor/SnapGrid/SnapGridPlaneMesh.uexp" 938
"../../../Engine/Content/VREditor/Sounds/UI/Scaling_Up.ubulk" 939
"../../../Engine/Content/VREditor/Sounds/UI/Scaling_Up.uasset" 940
"../../../Engine/Content/VREditor/Sounds/UI/Scaling_Up.uexp" 941
"../../../Engine/Content/VREditor/TransformGizmo/TransformGizmoMaterial_Inst.uasset" 942
"../../../Engine/Content/VREditor/TransformGizmo/TransformGizmoMaterial_Inst.uexp" 943
"../../../Engine/Content/VREditor/Sounds/UI/Gizmo_Handle_Clicked.ubulk" 944
"../../../Engine/Content/VREditor/Sounds/UI/Gizmo_Handle_Clicked.uasset" 945
"../../../Engine/Content/VREditor/Sounds/UI/Gizmo_Handle_Clicked.uexp" 946
"../../../Engine/Content/VREditor/TransformGizmo/RotationHandleQuarter.ubulk" 947
"../../../Engine/Content/VREditor/TransformGizmo/RotationHandleQuarter.uasset" 948
"../../../Engine/Content/VREditor/TransformGizmo/RotationHandleQuarter.uexp" 949
"../../../Engine/Content/VREditor/TransformGizmo/TranslateArrowHandle.ubulk" 950
"../../../Engine/Content/VREditor/TransformGizmo/TranslateArrowHandle.uasset" 951
"../../../Engine/Content/VREditor/TransformGizmo/TranslateArrowHandle.uexp" 952
"../../../Engine/Content/VREditor/TransformGizmo/RotationHandleIndicator.ubulk" 953
"../../../Engine/Content/VREditor/TransformGizmo/RotationHandleIndicator.uasset" 954
"../../../Engine/Content/VREditor/TransformGizmo/RotationHandleIndicator.uexp" 955
"../../../Engine/Content/VREditor/TransformGizmo/UniformScaleHandle.ubulk" 956
"../../../Engine/Content/VREditor/TransformGizmo/UniformScaleHandle.uasset" 957
"../../../Engine/Content/VREditor/TransformGizmo/UniformScaleHandle.uexp" 958
"../../../Engine/Content/VREditor/TransformGizmo/RotationHandleFull.ubulk" 959
"../../../Engine/Content/VREditor/TransformGizmo/RotationHandleFull.uasset" 960
"../../../Engine/Content/VREditor/TransformGizmo/RotationHandleFull.uexp" 961
"../../../Engine/Content/VREditor/Sounds/UI/Object_PickUp.ubulk" 962
"../../../Engine/Content/VREditor/Sounds/UI/Object_PickUp.uasset" 963
"../../../Engine/Content/VREditor/Sounds/UI/Object_PickUp.uexp" 964
"../../../Engine/Content/EngineResources/LandscapeVisibilityLayerInfo.uasset" 965
"../../../Engine/Content/EngineResources/LandscapeVisibilityLayerInfo.uexp" 966
"../../../Engine/Plugins/Enterprise/DatasmithContent/Content/Materials/Water/Textures/T_Perlin_Mask.ubulk" 967
"../../../Engine/Plugins/Enterprise/DatasmithContent/Content/Materials/Water/Textures/T_Perlin_Mask.uasset" 968
"../../../Engine/Plugins/Enterprise/DatasmithContent/Content/Materials/Water/Textures/T_Perlin_Mask.uexp" 969
"C:/FreeSpace/UnrealEngine5/HeldDown/Content/StarterContent/Textures/T_Perlin_Noise_M.ubulk" 970
"C:/FreeSpace/UnrealEngine5/HeldDown/Content/StarterContent/Textures/T_Perlin_Noise_M.uasset" 971
"C:/FreeSpace/UnrealEngine5/HeldDown/Content/StarterContent/Textures/T_Perlin_Noise_M.uexp" 972
"../../../Engine/Content/Functions/Engine_MaterialFunctions01/AlphaBlend/WorldAlignedBlend.uasset" 973
"../../../Engine/Content/Functions/Engine_MaterialFunctions01/AlphaBlend/WorldAlignedBlend.uexp" 974
"C:/FreeSpace/UnrealEngine5/HeldDown/Content/Materials/Terrain_Mat/M_FirstLVLFloor.uasset" 975
"C:/FreeSpace/UnrealEngine5/HeldDown/Content/Materials/Terrain_Mat/M_FirstLVLFloor.uexp" 976
"C:/FreeSpace/UnrealEngine5/HeldDown/Content/Materials/Terrain_Mat/MI_FirstLVLFloor_Inst.uasset" 977
"C:/FreeSpace/UnrealEngine5/HeldDown/Content/Materials/Terrain_Mat/MI_FirstLVLFloor_Inst.uexp" 978
"../../../Engine/Content/EngineMaterials/DefaultPhysicalMaterial.uasset" 979
"../../../Engine/Content/EngineMaterials/DefaultPhysicalMaterial.uexp" 980
"C:/FreeSpace/UnrealEngine5/HeldDown/Content/Materials/Terrain_Mat/MI_FirstLVLRoof_Inst.uasset" 981
"C:/FreeSpace/UnrealEngine5/HeldDown/Content/Materials/Terrain_Mat/MI_FirstLVLRoof_Inst.uexp" 982
"C:/FreeSpace/UnrealEngine5/HeldDown/Content/2DArt/OtherTextures/GorwBed.uasset" 983
"C:/FreeSpace/UnrealEngine5/HeldDown/Content/2DArt/OtherTextures/GorwBed.uexp" 984
"C:/FreeSpace/UnrealEngine5/HeldDown/Content/Materials/Other/CropBed.uasset" 985
"C:/FreeSpace/UnrealEngine5/HeldDown/Content/Materials/Other/CropBed.uexp" 986
"C:/FreeSpace/UnrealEngine5/HeldDown/Content/Meshs/GrowBed.ubulk" 987
"C:/FreeSpace/UnrealEngine5/HeldDown/Content/Meshs/GrowBed.uasset" 988
"C:/FreeSpace/UnrealEngine5/HeldDown/Content/Meshs/GrowBed.uexp" 989
"C:/FreeSpace/UnrealEngine5/HeldDown/Content/Blueprints/BP_CropBed.uasset" 990
"C:/FreeSpace/UnrealEngine5/HeldDown/Content/Blueprints/BP_CropBed.uexp" 991
"C:/FreeSpace/UnrealEngine5/HeldDown/Content/Meshs/LightPlantNoBalls.ubulk" 992
"C:/FreeSpace/UnrealEngine5/HeldDown/Content/Meshs/LightPlantNoBalls.uasset" 993
"C:/FreeSpace/UnrealEngine5/HeldDown/Content/Meshs/LightPlantNoBalls.uexp" 994
"C:/FreeSpace/UnrealEngine5/HeldDown/Content/StarterContent/Materials/M_Basic_Wall.uasset" 995
"C:/FreeSpace/UnrealEngine5/HeldDown/Content/StarterContent/Materials/M_Basic_Wall.uexp" 996
"C:/FreeSpace/UnrealEngine5/HeldDown/Content/StarterContent/Architecture/Pillar_50x500.ubulk" 997
"C:/FreeSpace/UnrealEngine5/HeldDown/Content/StarterContent/Architecture/Pillar_50x500.uasset" 998
"C:/FreeSpace/UnrealEngine5/HeldDown/Content/StarterContent/Architecture/Pillar_50x500.uexp" 999
"../../../Engine/Content/EngineResources/AICON-Green.uasset" 1000
"../../../Engine/Content/EngineResources/AICON-Green.uexp" 1001
"C:/FreeSpace/UnrealEngine5/HeldDown/Content/2DArt/PlantTextures/LightPlantBody.uasset" 1002
"C:/FreeSpace/UnrealEngine5/HeldDown/Content/2DArt/PlantTextures/LightPlantBody.uexp" 1003
"C:/FreeSpace/UnrealEngine5/HeldDown/Content/Materials/Plants/LightPlantBody.uasset" 1004
"C:/FreeSpace/UnrealEngine5/HeldDown/Content/Materials/Plants/LightPlantBody.uexp" 1005
"C:/FreeSpace/UnrealEngine5/HeldDown/Content/Materials/Plants/LightPlantBall.uasset" 1006
"C:/FreeSpace/UnrealEngine5/HeldDown/Content/Materials/Plants/LightPlantBall.uexp" 1007
"../../../Engine/Content/EditorMeshes/Axis_Guide.ubulk" 1008
"../../../Engine/Content/EditorMeshes/Axis_Guide.uasset" 1009
"../../../Engine/Content/EditorMeshes/Axis_Guide.uexp" 1010
"C:/FreeSpace/UnrealEngine5/HeldDown/Content/Meshs/PlantBall.ubulk" 1011
"C:/FreeSpace/UnrealEngine5/HeldDown/Content/Meshs/PlantBall.uasset" 1012
"C:/FreeSpace/UnrealEngine5/HeldDown/Content/Meshs/PlantBall.uexp" 1013
"../../../Engine/Content/EditorMeshes/ArcadeEditorSphere.ubulk" 1014
"../../../Engine/Content/EditorMeshes/ArcadeEditorSphere.uasset" 1015
"../../../Engine/Content/EditorMeshes/ArcadeEditorSphere.uexp" 1016
"../../../Engine/Plugins/FX/Niagara/Content/VectorFields/Assets/TilingCurl32.uasset" 1017
"../../../Engine/Plugins/FX/Niagara/Content/VectorFields/Assets/TilingCurl32.uexp" 1018
"C:/FreeSpace/UnrealEngine5/HeldDown/Content/Niagra/LightPlantSpores.uasset" 1019
"C:/FreeSpace/UnrealEngine5/HeldDown/Content/Niagra/LightPlantSpores.uexp" 1020
"C:/FreeSpace/UnrealEngine5/HeldDown/Content/Blueprints/BP_CollectableLightPlant.uasset" 1021
"C:/FreeSpace/UnrealEngine5/HeldDown/Content/Blueprints/BP_CollectableLightPlant.uexp" 1022
"../../../Engine/Content/Functions/Engine_MaterialFunctions01/WorldPositionOffset/SimpleGrassWind.uasset" 1023
"../../../Engine/Content/Functions/Engine_MaterialFunctions01/WorldPositionOffset/SimpleGrassWind.uexp" 1024
"C:/FreeSpace/UnrealEngine5/HeldDown/Content/2DArt/PlantTextures/Grass.uasset" 1025
"C:/FreeSpace/UnrealEngine5/HeldDown/Content/2DArt/PlantTextures/Grass.uexp" 1026
"C:/FreeSpace/UnrealEngine5/HeldDown/Content/Materials/Plants/M_Grass.uasset" 1027
"C:/FreeSpace/UnrealEngine5/HeldDown/Content/Materials/Plants/M_Grass.uexp" 1028
"C:/FreeSpace/UnrealEngine5/HeldDown/Content/Meshs/Grass1.ubulk" 1029
"C:/FreeSpace/UnrealEngine5/HeldDown/Content/Meshs/Grass1.uasset" 1030
"C:/FreeSpace/UnrealEngine5/HeldDown/Content/Meshs/Grass1.uexp" 1031
"../../../Engine/Content/BasicShapes/Cube.ubulk" 1032
"../../../Engine/Content/BasicShapes/Cube.uasset" 1033
"../../../Engine/Content/BasicShapes/Cube.uexp" 1034
"../../../Engine/Content/BasicShapes/BasicShapeMaterial.uasset" 1035
"../../../Engine/Content/BasicShapes/BasicShapeMaterial.uexp" 1036
"C:/FreeSpace/UnrealEngine5/HeldDown/Content/Meshs/WallVinesSmall.ubulk" 1037
"C:/FreeSpace/UnrealEngine5/HeldDown/Content/Meshs/WallVinesSmall.uasset" 1038
"C:/FreeSpace/UnrealEngine5/HeldDown/Content/Meshs/WallVinesSmall.uexp" 1039
"../../../Engine/Plugins/Interchange/Assets/Content/Functions/MF_PhongToMetalRoughness.uasset" 1040
"../../../Engine/Plugins/Interchange/Assets/Content/Functions/MF_PhongToMetalRoughness.uexp" 1041
"C:/FreeSpace/UnrealEngine5/HeldDown/Content/Meshs/Glass.uasset" 1042
"C:/FreeSpace/UnrealEngine5/HeldDown/Content/Meshs/Glass.uexp" 1043
"C:/FreeSpace/UnrealEngine5/HeldDown/Content/Meshs/SmallLabWithFLoor.ubulk" 1044
"C:/FreeSpace/UnrealEngine5/HeldDown/Content/Meshs/SmallLabWithFLoor.uasset" 1045
"C:/FreeSpace/UnrealEngine5/HeldDown/Content/Meshs/SmallLabWithFLoor.uexp" 1046
"C:/FreeSpace/UnrealEngine5/HeldDown/Content/Materials/Other/M_metal.uasset" 1047
"C:/FreeSpace/UnrealEngine5/HeldDown/Content/Materials/Other/M_metal.uexp" 1048
"C:/FreeSpace/UnrealEngine5/HeldDown/Content/Meshs/BREAKERBOX.ubulk" 1049
"C:/FreeSpace/UnrealEngine5/HeldDown/Content/Meshs/BREAKERBOX.uasset" 1050
"C:/FreeSpace/UnrealEngine5/HeldDown/Content/Meshs/BREAKERBOX.uexp" 1051
"C:/FreeSpace/UnrealEngine5/HeldDown/Content/Meshs/breakerhandel.ubulk" 1052
"C:/FreeSpace/UnrealEngine5/HeldDown/Content/Meshs/breakerhandel.uasset" 1053
"C:/FreeSpace/UnrealEngine5/HeldDown/Content/Meshs/breakerhandel.uexp" 1054
"C:/FreeSpace/UnrealEngine5/HeldDown/Content/Meshs/HijackedLight.ubulk" 1055
"C:/FreeSpace/UnrealEngine5/HeldDown/Content/Meshs/HijackedLight.uasset" 1056
"C:/FreeSpace/UnrealEngine5/HeldDown/Content/Meshs/HijackedLight.uexp" 1057
"C:/FreeSpace/UnrealEngine5/HeldDown/Content/Blueprints/StreetLights.uasset" 1058
"C:/FreeSpace/UnrealEngine5/HeldDown/Content/Blueprints/StreetLights.uexp" 1059
"C:/FreeSpace/UnrealEngine5/HeldDown/Content/Meshs/Foliage/Grass1_FoliageType.uasset" 1060
"C:/FreeSpace/UnrealEngine5/HeldDown/Content/Meshs/Foliage/Grass1_FoliageType.uexp" 1061
"../../../Engine/Content/Functions/Engine_MaterialFunctions01/ImageAdjustment/BlurSampleOffsets.uasset" 1062
"../../../Engine/Content/Functions/Engine_MaterialFunctions01/ImageAdjustment/BlurSampleOffsets.uexp" 1063
"../../../Engine/Content/Functions/Engine_MaterialFunctions02/SampleSceneDepth.uasset" 1064
"../../../Engine/Content/Functions/Engine_MaterialFunctions02/SampleSceneDepth.uexp" 1065
"C:/FreeSpace/UnrealEngine5/HeldDown/Content/Materials/Atmosphere/Shaders.uasset" 1066
"C:/FreeSpace/UnrealEngine5/HeldDown/Content/Materials/Atmosphere/Shaders.uexp" 1067
"../../../Engine/Content/MapTemplates/TilingNoise05.ubulk" 1068
"../../../Engine/Content/MapTemplates/TilingNoise05.uasset" 1069
"../../../Engine/Content/MapTemplates/TilingNoise05.uexp" 1070
"../../../Engine/Plugins/Fab/Content/Textures/Standard/T_Default_WindNoise.uasset" 1071
"../../../Engine/Plugins/Fab/Content/Textures/Standard/T_Default_WindNoise.uexp" 1072
"C:/FreeSpace/UnrealEngine5/HeldDown/Content/Materials/Other/M_Fence.uasset" 1073
"C:/FreeSpace/UnrealEngine5/HeldDown/Content/Materials/Other/M_Fence.uexp" 1074
"C:/FreeSpace/UnrealEngine5/HeldDown/Content/Meshs/fencerotated.ubulk" 1075
"C:/FreeSpace/UnrealEngine5/HeldDown/Content/Meshs/fencerotated.uasset" 1076
"C:/FreeSpace/UnrealEngine5/HeldDown/Content/Meshs/fencerotated.uexp" 1077
"C:/FreeSpace/UnrealEngine5/HeldDown/Content/LevelPrototyping/Textures/T_GridChecker_A.ubulk" 1078
"C:/FreeSpace/UnrealEngine5/HeldDown/Content/LevelPrototyping/Textures/T_GridChecker_A.uasset" 1079
"C:/FreeSpace/UnrealEngine5/HeldDown/Content/LevelPrototyping/Textures/T_GridChecker_A.uexp" 1080
"../../../Engine/Content/Functions/Engine_MaterialFunctions01/Gradient/LinearGradient.uasset" 1081
"../../../Engine/Content/Functions/Engine_MaterialFunctions01/Gradient/LinearGradient.uexp" 1082
"../../../Engine/Content/Functions/Engine_MaterialFunctions01/ImageAdjustment/CheapContrast.uasset" 1083
"../../../Engine/Content/Functions/Engine_MaterialFunctions01/ImageAdjustment/CheapContrast.uexp" 1084
"C:/FreeSpace/UnrealEngine5/HeldDown/Content/LevelPrototyping/Materials/MF_ProcGrid.uasset" 1085
"C:/FreeSpace/UnrealEngine5/HeldDown/Content/LevelPrototyping/Materials/MF_ProcGrid.uexp" 1086
"C:/FreeSpace/UnrealEngine5/HeldDown/Content/LevelPrototyping/Materials/M_PrototypeGrid.uasset" 1087
"C:/FreeSpace/UnrealEngine5/HeldDown/Content/LevelPrototyping/Materials/M_PrototypeGrid.uexp" 1088
"C:/FreeSpace/UnrealEngine5/HeldDown/Content/LevelPrototyping/Materials/MI_PrototypeGrid_Gray.uasset" 1089
"C:/FreeSpace/UnrealEngine5/HeldDown/Content/LevelPrototyping/Materials/MI_PrototypeGrid_Gray.uexp" 1090
"C:/FreeSpace/UnrealEngine5/HeldDown/Content/LevelPrototyping/Meshes/SM_QuarterCylinder.ubulk" 1091
"C:/FreeSpace/UnrealEngine5/HeldDown/Content/LevelPrototyping/Meshes/SM_QuarterCylinder.uasset" 1092
"C:/FreeSpace/UnrealEngine5/HeldDown/Content/LevelPrototyping/Meshes/SM_QuarterCylinder.uexp" 1093
"C:/FreeSpace/UnrealEngine5/HeldDown/Content/LevelPrototyping/Materials/MI_PrototypeGrid_TopDark.uasset" 1094
"C:/FreeSpace/UnrealEngine5/HeldDown/Content/LevelPrototyping/Materials/MI_PrototypeGrid_TopDark.uexp" 1095
"C:/FreeSpace/UnrealEngine5/HeldDown/Content/FirstPerson/Blueprints/BP_FirstPersonGameMode.uasset" 1096
"C:/FreeSpace/UnrealEngine5/HeldDown/Content/FirstPerson/Blueprints/BP_FirstPersonGameMode.uexp" 1097
"C:/FreeSpace/UnrealEngine5/HeldDown/Content/UI/Debug.uasset" 1098
"C:/FreeSpace/UnrealEngine5/HeldDown/Content/UI/Debug.uexp" 1099
"../../../Engine/Content/EditorBlueprintResources/StandardMacros.uasset" 1100
"../../../Engine/Content/EditorBlueprintResources/StandardMacros.uexp" 1101
"C:/FreeSpace/UnrealEngine5/HeldDown/Content/UI/WBP_StatsUI.uasset" 1102
"C:/FreeSpace/UnrealEngine5/HeldDown/Content/UI/WBP_StatsUI.uexp" 1103
"C:/FreeSpace/UnrealEngine5/HeldDown/Content/UI/WBP_MainMenue.uasset" 1104
"C:/FreeSpace/UnrealEngine5/HeldDown/Content/UI/WBP_MainMenue.uexp" 1105
"C:/FreeSpace/UnrealEngine5/HeldDown/Content/Levels/FirstPersonMap.uexp" 1106
"C:/FreeSpace/UnrealEngine5/HeldDown/Content/Levels/FirstPersonMap.umap" 1107
"../../../Engine/Content/Maps/Entry_BuiltData.uasset" 1108
"../../../Engine/Content/Maps/Entry_BuiltData.uexp" 1109
"../../../Engine/Content/Maps/Entry.uexp" 1110
"../../../Engine/Content/Maps/Entry.umap" 1111
